 nxmi

 Timestamp is 5bf3c347 (Tue Nov 20 16:18:15 2018)

 Preferred load address is 10000000

 Start         Length     Name                   Class
 0001:00000000 00011950H .text$mn                CODE
 0001:00011950 0000006dH .text$x                 CODE
 0002:00000000 00000148H .idata$5                DATA
 0002:00000148 00000004H .00cfg                  DATA
 0002:0000014c 00000004H .CRT$XCA                DATA
 0002:00000150 00000004H .CRT$XCU                DATA
 0002:00000154 00000004H .CRT$XCZ                DATA
 0002:00000158 00000004H .CRT$XIA                DATA
 0002:0000015c 0000000cH .CRT$XIC                DATA
 0002:00000168 00000004H .CRT$XIZ                DATA
 0002:0000016c 00000004H .CRT$XPA                DATA
 0002:00000170 00000008H .CRT$XPX                DATA
 0002:00000178 00000004H .CRT$XPXA               DATA
 0002:0000017c 00000004H .CRT$XPZ                DATA
 0002:00000180 00000004H .CRT$XTA                DATA
 0002:00000184 0000000cH .CRT$XTZ                DATA
 0002:00000188 00000000H .gfids$y                DATA
 0002:00000190 00005690H .rdata                  DATA
 0002:00005820 00000220H .rdata$r                DATA
 0002:00005a40 00000020H .rdata$sxdata           DATA
 0002:00005a60 00000324H .rdata$zzzdbg           DATA
 0002:00005d84 00000004H .rtc$IAA                DATA
 0002:00005d88 00000004H .rtc$IZZ                DATA
 0002:00005d8c 00000004H .rtc$TAA                DATA
 0002:00005d90 00000008H .rtc$TZZ                DATA
 0002:00005d98 00000688H .xdata$x                DATA
 0002:00006420 0000004cH .edata                  DATA
 0002:0000646c 00000028H .idata$2                DATA
 0002:00006494 00000014H .idata$3                DATA
 0002:000064a8 00000148H .idata$4                DATA
 0002:000065f0 0000085aH .idata$6                DATA
 0003:00000000 000007c4H .data                   DATA
 0003:000007c4 000000fcH .data$r                 DATA
 0003:000008c0 00000a30H .bss                    DATA
 0004:00000000 00000060H .rsrc$01                DATA
 0004:00000060 00000180H .rsrc$02                DATA

  Address         Publics by Value              Rva+Base       Lib:Object

 0000:00000000       ___guard_iat_count         00000000     <absolute>
 0000:00000000       ___guard_longjmp_count     00000000     <absolute>
 0000:00000000       __except_list              00000000     <absolute>
 0000:00000000       ___guard_fids_count        00000000     <absolute>
 0000:00000000       ___guard_longjmp_table     00000000     <absolute>
 0000:00000000       ___hybrid_code_map_count   00000000     <absolute>
 0000:00000000       ___hybrid_auxiliary_iat    00000000     <absolute>
 0000:00000000       ___dynamic_value_reloc_table 00000000     <absolute>
 0000:00000000       ___guard_fids_table        00000000     <absolute>
 0000:00000000       ___guard_iat_table         00000000     <absolute>
 0000:00000000       ___volatile_metadata       00000000     <absolute>
 0000:00000000       ___enclave_config          00000000     <absolute>
 0000:00000000       ___hybrid_code_map         00000000     <absolute>
 0000:00000008       ___safe_se_handler_count   00000008     <absolute>
 0000:00000100       ___guard_flags             00000100     <absolute>
 0000:00000000       ___ImageBase               10000000     <linker-defined>
 0001:00000000       ___local_stdio_printf_options 10001000 f i nxmi.obj
 0001:00000010       _printf                    10001010 f i nxmi.obj
 0001:00000040       ?NODE_SET_METHOD@node@@YAXV?$Local@VObject@v8@@@v8@@PBDP6AXABV?$FunctionCallbackInfo@VValue@v8@@@3@@Z@Z 10001040 f i nxmi.obj
 0001:000000e0       ?Methodone@nxmi@@YAXABV?$FunctionCallbackInfo@VValue@v8@@@v8@@@Z 100010e0 f   nxmi.obj
 0001:00000140       ?Invoke@nxmi@@YAXABV?$FunctionCallbackInfo@VValue@v8@@@v8@@@Z 10001140 f   nxmi.obj
 0001:000003f0       ?init@nxmi@@YAXV?$Local@VObject@v8@@@v8@@@Z 100013f0 f   nxmi.obj
 0001:00000430       ?assign@?$basic_string@DU?$char_traits@D@std@@V?$allocator@D@2@@std@@QAEAAV12@QBD@Z 10001430 f i nxmi.obj
 0001:00000560       ?_Xlen@?$basic_string@DU?$char_traits@D@std@@V?$allocator@D@2@@std@@SAXXZ 10001560 f i nxmi.obj
 0001:0000056b       ??0bad_alloc@std@@QAE@ABV01@@Z 1000156b f i libcpmt:xthrow.obj
 0001:00000586       ??0bad_alloc@std@@QAE@XZ   10001586 f i libcpmt:xthrow.obj
 0001:0000059e       ??0exception@std@@QAE@ABV01@@Z 1000159e f i libcpmt:xthrow.obj
 0001:000005ca       ??0exception@std@@QAE@QBD@Z 100015ca f i libcpmt:xthrow.obj
 0001:000005ff       ??0length_error@std@@QAE@ABV01@@Z 100015ff f i libcpmt:xthrow.obj
 0001:0000061a       ??0length_error@std@@QAE@PBD@Z 1000161a f i libcpmt:xthrow.obj
 0001:00000639       ??0logic_error@std@@QAE@ABV01@@Z 10001639 f i libcpmt:xthrow.obj
 0001:00000654       ??1length_error@std@@UAE@XZ 10001654 f i libcpmt:xthrow.obj
 0001:00000654       ??1bad_alloc@std@@UAE@XZ   10001654 f i libcpmt:xthrow.obj
 0001:00000654       ??1bad_exception@std@@UAE@XZ 10001654 f i libvcruntime:frame.obj
 0001:00000654       ??1bad_array_new_length@std@@UAE@XZ 10001654 f i LIBCMT:throw_bad_alloc.obj
 0001:00000665       ??_Gbad_alloc@std@@UAEPAXI@Z 10001665 f i libcpmt:xthrow.obj
 0001:00000665       ??_Elength_error@std@@UAEPAXI@Z 10001665 f i libcpmt:xthrow.obj
 0001:00000665       ??_Eexception@std@@UAEPAXI@Z 10001665 f i libcpmt:xthrow.obj
 0001:00000665       ??_Glogic_error@std@@UAEPAXI@Z 10001665 f i libcpmt:xthrow.obj
 0001:00000665       ??_Gexception@std@@UAEPAXI@Z 10001665 f i libcpmt:xthrow.obj
 0001:00000665       ??_Gbad_exception@std@@UAEPAXI@Z 10001665 f i libvcruntime:frame.obj
 0001:00000665       ??_Ebad_array_new_length@std@@UAEPAXI@Z 10001665 f i LIBCMT:throw_bad_alloc.obj
 0001:00000665       ??_Elogic_error@std@@UAEPAXI@Z 10001665 f i libcpmt:xthrow.obj
 0001:00000665       ??_Ebad_alloc@std@@UAEPAXI@Z 10001665 f i libcpmt:xthrow.obj
 0001:00000665       ??_Gbad_array_new_length@std@@UAEPAXI@Z 10001665 f i LIBCMT:throw_bad_alloc.obj
 0001:00000665       ??_Ebad_exception@std@@UAEPAXI@Z 10001665 f i libvcruntime:frame.obj
 0001:00000665       ??_Glength_error@std@@UAEPAXI@Z 10001665 f i libcpmt:xthrow.obj
 0001:00000692       ?_Xlength_error@std@@YAXPBD@Z 10001692 f   libcpmt:xthrow.obj
 0001:000006b2       ?what@exception@std@@UBEPBDXZ 100016b2 f i libcpmt:xthrow.obj
 0001:000006bf       @__security_check_cookie@4 100016bf f   LIBCMT:_secchk_.obj
 0001:000006d0       ??2@YAPAXI@Z               100016d0 f   LIBCMT:new_scalar.obj
 0001:00000700       ??3@YAXPAXI@Z              10001700 f   LIBCMT:delete_scalar_size.obj
 0001:0000070e       ??_U@YAPAXI@Z              1000170e f   LIBCMT:new_array.obj
 0001:00000717       ??_Etype_info@@UAEPAXI@Z   10001717 f i LIBCMT:std_type_info_static.obj
 0001:00000717       ??_Gtype_info@@UAEPAXI@Z   10001717 f i LIBCMT:std_type_info_static.obj
 0001:00000a5a       __DllMainCRTStartup@12     10001a5a f   LIBCMT:dll_dllmain.obj
 0001:00000a7d       ___raise_securityfailure   10001a7d f   LIBCMT:gs_report.obj
 0001:00000aa5       ___report_gsfailure        10001aa5 f   LIBCMT:gs_report.obj
 0001:00000b9e       ??0bad_array_new_length@std@@QAE@ABV01@@Z 10001b9e f i LIBCMT:throw_bad_alloc.obj
 0001:00000bb9       ??0bad_array_new_length@std@@QAE@XZ 10001bb9 f i LIBCMT:throw_bad_alloc.obj
 0001:00000bd1       ?__scrt_throw_std_bad_alloc@@YAXXZ 10001bd1 f   LIBCMT:throw_bad_alloc.obj
 0001:00000bee       ?__scrt_throw_std_bad_array_new_length@@YAXXZ 10001bee f   LIBCMT:throw_bad_alloc.obj
 0001:00000c0b       ??3@YAXPAX@Z               10001c0b f   LIBCMT:delete_scalar.obj
 0001:00000c5d       ___security_init_cookie    10001c5d f   LIBCMT:gs_support.obj
 0001:00000ca8       _DllMain@12                10001ca8 f   LIBCMT:dll_dllmain_stub.obj
 0001:00000cae       ?__scrt_initialize_type_info@@YAXXZ 10001cae f   LIBCMT:tncleanup.obj
 0001:00000cba       ?__scrt_uninitialize_type_info@@YAXXZ 10001cba f   LIBCMT:tncleanup.obj
 0001:00000cc6       ___local_stdio_scanf_options 10001cc6 f i LIBCMT:default_local_stdio_options.obj
 0001:00000ccc       ___scrt_initialize_default_local_stdio_options 10001ccc f   LIBCMT:default_local_stdio_options.obj
 0001:00000d2d       ___scrt_acquire_startup_lock 10001d2d f   LIBCMT:utility.obj
 0001:00000d5f       ___scrt_dllmain_after_initialize_c 10001d5f f   LIBCMT:utility.obj
 0001:00000d8a       ___scrt_dllmain_before_initialize_c 10001d8a f   LIBCMT:utility.obj
 0001:00000d98       ___scrt_dllmain_crt_thread_attach 10001d98 f   LIBCMT:utility.obj
 0001:00000db7       ___scrt_dllmain_crt_thread_detach 10001db7 f   LIBCMT:utility.obj
 0001:00000dc4       ___scrt_dllmain_exception_filter 10001dc4 f   LIBCMT:utility.obj
 0001:00000df8       ___scrt_dllmain_uninitialize_c 10001df8 f   LIBCMT:utility.obj
 0001:00000e1b       ___scrt_dllmain_uninitialize_critical 10001e1b f   LIBCMT:utility.obj
 0001:00000e28       ___scrt_initialize_crt     10001e28 f   LIBCMT:utility.obj
 0001:00000e61       ___scrt_initialize_onexit_tables 10001e61 f   LIBCMT:utility.obj
 0001:00000f06       ___scrt_is_nonwritable_in_current_image 10001f06 f   LIBCMT:utility.obj
 0001:00000f9a       ___scrt_release_startup_lock 10001f9a f   LIBCMT:utility.obj
 0001:00000fb7       ___scrt_uninitialize_crt   10001fb7 f   LIBCMT:utility.obj
 0001:00000fdf       ___scrt_get_dyn_tls_init_callback 10001fdf f   LIBCMT:dyn_tls_init.obj
 0001:00000fe5       ___scrt_fastfail           10001fe5 f   LIBCMT:utility_desktop.obj
 0001:000010ff       __crt_debugger_hook        100020ff f   LIBCMT:utility_desktop.obj
 0001:00001107       __RTC_Initialize           10002107 f   LIBCMT:_initsect_.obj
 0001:00001133       __RTC_Terminate            10002133 f   LIBCMT:_initsect_.obj
 0001:00001160       __SEH_prolog4              10002160 f   LIBCMT:_sehprolg4_.obj
 0001:000011a6       __SEH_epilog4              100021a6 f   LIBCMT:_sehprolg4_.obj
 0001:000011bb       @_guard_check_icall_nop@4  100021bb f i LIBCMT:guard_support.obj
 0001:000011bc       ___isa_available_init      100021bc f   LIBCMT:_cpu_disp_.obj
 0001:00001353       __get_startup_argv_mode    10002353 f   LIBCMT:argv_mode.obj
 0001:00001357       ___scrt_is_ucrt_dll_in_use 10002357 f   LIBCMT:ucrt_detection.obj
 0001:00001363       ___std_exception_copy      10002363 f   libvcruntime:std_exception.obj
 0001:000013c6       ___std_exception_destroy   100023c6 f   libvcruntime:std_exception.obj
 0001:000013e5       __CxxThrowException@8      100023e5 f   libvcruntime:throw.obj
 0001:000014a0       __except_handler4          100024a0 f   libvcruntime:_chandler4_.obj
 0001:000015f7       ___std_type_info_compare   100025f7 f   libvcruntime:std_type_info.obj
 0001:00001633       ___std_type_info_destroy_list 10002633 f   libvcruntime:std_type_info.obj
 0001:00001656       ___vcrt_initialize         10002656 f   libvcruntime:initialization.obj
 0001:0000167f       ___vcrt_thread_attach      1000267f f   libvcruntime:initialization.obj
 0001:0000168a       ___vcrt_thread_detach      1000268a f   libvcruntime:initialization.obj
 0001:00001695       ___vcrt_uninitialize       10002695 f   libvcruntime:initialization.obj
 0001:000016b4       ___vcrt_uninitialize_critical 100026b4 f   libvcruntime:initialization.obj
 0001:000016c0       _memset                    100026c0 f   libvcruntime:memset.obj
 0001:00001820       __local_unwind4            10002820 f   libvcruntime:_exsup4_.obj
 0001:000018f8       __seh_longjmp_unwind4@4    100028f8 f   libvcruntime:_exsup4_.obj
 0001:00001920       @_EH4_CallFilterFunc@8     10002920 f   libvcruntime:_exsup4_.obj
 0001:00001938       @_EH4_TransferToHandler@8  10002938 f   libvcruntime:_exsup4_.obj
 0001:00001954       @_EH4_GlobalUnwind2@8      10002954 f   libvcruntime:_exsup4_.obj
 0001:00001970       @_EH4_LocalUnwind@16       10002970 f   libvcruntime:_exsup4_.obj
 0001:00001987       ___except_validate_context_record 10002987 f   libvcruntime:jbcxrval.obj
 0001:000019b7       ___except_validate_jump_buffer 100029b7 f   libvcruntime:jbcxrval.obj
 0001:000019e4       ___vcrt_freefls@4          100029e4 f   libvcruntime:per_thread_data.obj
 0001:00001a00       ___vcrt_freeptd            10002a00 f   libvcruntime:per_thread_data.obj
 0001:00001a36       ___vcrt_getptd             10002a36 f   libvcruntime:per_thread_data.obj
 0001:00001a44       ___vcrt_getptd_noexit      10002a44 f   libvcruntime:per_thread_data.obj
 0001:00001ad6       ___vcrt_initialize_ptd     10002ad6 f   libvcruntime:per_thread_data.obj
 0001:00001b09       ___vcrt_uninitialize_ptd   10002b09 f   libvcruntime:per_thread_data.obj
 0001:00001b24       ___vcrt_initialize_locks   10002b24 f   libvcruntime:locks.obj
 0001:00001b60       ___vcrt_uninitialize_locks 10002b60 f   libvcruntime:locks.obj
 0001:00001b8f       ??$__crt_fast_encode_pointer@PAX@@YAPAXQAX@Z 10002b8f f i libvcruntime:winapi_downlevel.obj
 0001:00001cdf       ___vcrt_FlsAlloc           10002cdf f   libvcruntime:winapi_downlevel.obj
 0001:00001d1a       ___vcrt_FlsFree            10002d1a f   libvcruntime:winapi_downlevel.obj
 0001:00001d55       ___vcrt_FlsGetValue        10002d55 f   libvcruntime:winapi_downlevel.obj
 0001:00001d90       ___vcrt_FlsSetValue        10002d90 f   libvcruntime:winapi_downlevel.obj
 0001:00001dce       ___vcrt_InitializeCriticalSectionEx 10002dce f   libvcruntime:winapi_downlevel.obj
 0001:00001e15       ___vcrt_initialize_winapi_thunks 10002e15 f   libvcruntime:winapi_downlevel.obj
 0001:00001e3e       ___vcrt_uninitialize_winapi_thunks 10002e3e f   libvcruntime:winapi_downlevel.obj
 0001:00001e70       ___vcrt_initialize_pure_virtual_call_handler 10002e70 f   libvcruntime:purevirt_data.obj
 0001:00001e80       __global_unwind2           10002e80 f   libvcruntime:_exsup_.obj
 0001:00001ee6       __local_unwind2            10002ee6 f   libvcruntime:_exsup_.obj
 0001:00001f6a       __abnormal_termination     10002f6a f   libvcruntime:_exsup_.obj
 0001:00001f90       __NLG_Notify1              10002f90 f   libvcruntime:_exsup_.obj
 0001:00001f9c       __NLG_Notify               10002f9c f   libvcruntime:_exsup_.obj
 0001:00001fb3       __NLG_Dispatch             10002fb3     libvcruntime:_exsup_.obj
 0001:00001fb3       __NLG_Dispatch2            10002fb3     libvcruntime:_exsup_.obj
 0001:00001fbb       __NLG_Call                 10002fbb f   libvcruntime:_exsup_.obj
 0001:00001fbd       __NLG_Return2              10002fbd     libvcruntime:_exsup_.obj
 0001:00001fbe       ?GetRangeOfTrysToCheck@__FrameHandler3@@SA?AU?$pair@Viterator@TryBlockMap@__FrameHandler3@@V123@@std@@AAVTryBlockMap@1@HH@Z 10002fbe f   libvcruntime:trnsctrl.obj
 0001:00002040       ?_CallCatchBlock2@@YAPAXPAUEHRegistrationNode@@PBU_s_FuncInfo@@PAXHK@Z 10003040 f   libvcruntime:trnsctrl.obj
 0001:0000209e       ?_CallSETranslator@@YAHPAUEHExceptionRecord@@PAUEHRegistrationNode@@PAX2PBU_s_FuncInfo@@H1@Z 1000309e f   libvcruntime:trnsctrl.obj
 0001:00002179       ?_JumpToContinuation@@YGXPAXPAUEHRegistrationNode@@@Z 10003179 f   libvcruntime:trnsctrl.obj
 0001:000021a9       ?_UnwindNestedFrames@@YGXPAUEHRegistrationNode@@PAUEHExceptionRecord@@@Z 100031a9 f   libvcruntime:trnsctrl.obj
 0001:000021fc       __CatchGuardHandler        100031fc f   libvcruntime:trnsctrl.obj
 0001:0000222d       __CreateFrameInfo          1000322d f   libvcruntime:trnsctrl.obj
 0001:00002251       __FindAndUnlinkFrame       10003251 f   libvcruntime:trnsctrl.obj
 0001:00002296       __TranslatorGuardHandler   10003296 f   libvcruntime:trnsctrl.obj
 0001:00002333       ___CxxFrameHandler3        10003333 f   libvcruntime:trnsctrl.obj
 0001:00002370       _memcpy                    10003370 f   libvcruntime:memcpy.obj
 0001:00002fdb       ??$TypeMatchHelper@$$CBU_s_HandlerType@@@@YAHPBU_s_HandlerType@@PBU_s_CatchableType@@PBU_s_ThrowInfo@@@Z 10003fdb f i libvcruntime:frame.obj
 0001:00003069       ??$__InternalCxxFrameHandler@V__FrameHandler3@@@@YA?AW4_EXCEPTION_DISPOSITION@@PAUEHExceptionRecord@@PAUEHRegistrationNode@@PAU_CONTEXT@@PAXPBU_s_FuncInfo@@H1E@Z 10004069 f i libvcruntime:frame.obj
 0001:0000316b       ??0bad_exception@std@@QAE@ABV01@@Z 1000416b f i libvcruntime:frame.obj
 0001:00003186       ??0bad_exception@std@@QAE@XZ 10004186 f i libvcruntime:frame.obj
 0001:0000319e       ??8type_info@@QBE_NABV0@@Z 1000419e f i libvcruntime:frame.obj
 0001:00003405       ?FrameUnwindToEmptyState@__FrameHandler3@@SAXPAUEHRegistrationNode@@PAXPBU_s_FuncInfo@@@Z 10004405 f   libvcruntime:frame.obj
 0001:0000341d       ?FrameUnwindToState@__FrameHandler3@@SAXPAUEHRegistrationNode@@PAXPBU_s_FuncInfo@@H@Z 1000441d f   libvcruntime:frame.obj
 0001:0000359f       ?_CallMemberFunction1@@YGXQAX00@Z 1000459f f i libvcruntime:frame.obj
 0001:000035af       ?_CallMemberFunction2@@YGXQAX00H@Z 100045af f i libvcruntime:frame.obj
 0001:000035c2       ?getESTypes@__FrameHandler3@@SAPBU_s_ESTypeList@@PBU_s_FuncInfo@@@Z 100045c2 f i libvcruntime:frame.obj
 0001:000035d0       __CallSettingFrame@12      100045d0 f   libvcruntime:lowhelpr.obj
 0001:000035f7       __NLG_Return               100045f7     libvcruntime:lowhelpr.obj
 0001:0000361c       _unexpected                1000461c f   libvcruntime:unexpected.obj
 0001:00003639       ?GetCurrentState@__FrameHandler3@@SAHPAUEHRegistrationNode@@PAXPBU_s_FuncInfo@@@Z 10004639 f   libvcruntime:ehstate.obj
 0001:00003656       ?SetState@__FrameHandler3@@SAXPAUEHRegistrationNode@@PBU_s_FuncInfo@@H@Z 10004656 f   libvcruntime:ehstate.obj
 0001:00003664       ___DestructExceptionObject 10004664 f   libvcruntime:ehhelpers.obj
 0001:00003704       ?_CallMemberFunction0@@YGXQAX0@Z 10004704 f i libvcruntime:ehhelpers.obj
 0001:00003711       __IsExceptionObjectToBeDestroyed 10004711 f   libvcruntime:ehhelpers.obj
 0001:00003737       ___AdjustPointer           10004737 f   libvcruntime:ehhelpers.obj
 0001:0000375c       ___FrameUnwindFilter       1000475c f   libvcruntime:ehhelpers.obj
 0001:000037b0       _memmove                   100047b0 f   libvcruntime:memmove.obj
 0001:00003d24       ___acrt_initialize_stdio   10004d24 f   libucrt:_file.obj
 0001:00003dec       ___acrt_iob_func           10004dec f   libucrt:_file.obj
 0001:00003dfc       ___acrt_uninitialize_stdio 10004dfc f   libucrt:_file.obj
 0001:00003e48       __lock_file                10004e48 f   libucrt:_file.obj
 0001:00003e5c       __unlock_file              10004e5c f   libucrt:_file.obj
 0001:00003ec1       ??$count@D@formatting_buffer@__crt_stdio_output@@QBEIXZ 10004ec1 f i libucrt:output.obj
 0001:00003ed9       ??$ensure_buffer_is_big_enough@D@formatting_buffer@__crt_stdio_output@@QAE_NI@Z 10004ed9 f i libucrt:output.obj
 0001:00003f58       ??$is_wide_character_specifier@D@__crt_stdio_output@@YA_N_KDW4length_modifier@0@@Z 10004f58 f i libucrt:output.obj
 0001:00003f89       ??$scratch_data@D@formatting_buffer@__crt_stdio_output@@QAEPADXZ 10004f89 f i libucrt:output.obj
 0001:00003fa7       ??$type_case_integer_parse_into_buffer@I@?$output_processor@DV?$stream_output_adapter@D@__crt_stdio_output@@V?$standard_base@DV?$stream_output_adapter@D@__crt_stdio_output@@@2@@__crt_stdio_output@@AAEXII_N@Z 10004fa7 f i libucrt:output.obj
 0001:0000401a       ??$type_case_integer_parse_into_buffer@_K@?$output_processor@DV?$stream_output_adapter@D@__crt_stdio_output@@V?$standard_base@DV?$stream_output_adapter@D@__crt_stdio_output@@@2@@__crt_stdio_output@@AAEX_KI_N@Z 1000501a f i libucrt:output.obj
 0001:000040a9       ??$write_multiple_characters@V?$stream_output_adapter@D@__crt_stdio_output@@D@__crt_stdio_output@@YAXABV?$stream_output_adapter@D@0@DHQAH@Z 100050a9 f i libucrt:output.obj
 0001:000040e4       ??0?$common_data@D@__crt_stdio_output@@IAE@XZ 100050e4 f i libucrt:output.obj
 0001:0000412b       ??0?$output_adapter_data@DV?$stream_output_adapter@D@__crt_stdio_output@@@__crt_stdio_output@@IAE@ABV?$stream_output_adapter@D@1@_KQBDQAU__crt_locale_pointers@@QAD@Z 1000512b f i libucrt:output.obj
 0001:00004167       ??0_LocaleUpdate@@QAE@QAU__crt_locale_pointers@@@Z 10005167 f i libucrt:output.obj
 0001:000041ea       ??1_LocaleUpdate@@QAE@XZ   100051ea f i libucrt:output.obj
 0001:000041fa       ??1formatting_buffer@__crt_stdio_output@@QAE@XZ 100051fa f i libucrt:output.obj
 0001:00004214       ??4?$__crt_unique_heap_ptr@DU__crt_internal_free_policy@@@@QAEAAV0@$$QAV0@@Z 10005214 f i libucrt:output.obj
 0001:000042f9       ?crop_zeroes@__crt_stdio_output@@YAXPADQAU__crt_locale_pointers@@@Z 100052f9 f i libucrt:output.obj
 0001:00004359       ?find_next_state@?$output_processor@DV?$stream_output_adapter@D@__crt_stdio_output@@V?$standard_base@DV?$stream_output_adapter@D@__crt_stdio_output@@@2@@__crt_stdio_output@@ABE?AW4state@2@DW432@@Z 10005359 f i libucrt:output.obj
 0001:00004398       ?force_decimal_point@__crt_stdio_output@@YAXPADQAU__crt_locale_pointers@@@Z 10005398 f i libucrt:output.obj
 0001:000043f4       ?parse_int_from_format_string@?$output_processor@DV?$stream_output_adapter@D@__crt_stdio_output@@V?$standard_base@DV?$stream_output_adapter@D@__crt_stdio_output@@@2@@__crt_stdio_output@@AAE_NQAH@Z 100053f4 f i libucrt:output.obj
 0001:0000446a       ?process@?$output_processor@DV?$stream_output_adapter@D@__crt_stdio_output@@V?$standard_base@DV?$stream_output_adapter@D@__crt_stdio_output@@@2@@__crt_stdio_output@@QAEHXZ 1000546a f i libucrt:output.obj
 0001:00004586       ?state_case_flag@?$output_processor@DV?$stream_output_adapter@D@__crt_stdio_output@@V?$standard_base@DV?$stream_output_adapter@D@__crt_stdio_output@@@2@@__crt_stdio_output@@AAE_NXZ 10005586 f i libucrt:output.obj
 0001:000045c3       ?state_case_normal@?$output_processor@DV?$stream_output_adapter@D@__crt_stdio_output@@V?$standard_base@DV?$stream_output_adapter@D@__crt_stdio_output@@@2@@__crt_stdio_output@@AAE_NXZ 100055c3 f i libucrt:output.obj
 0001:000045e2       ?state_case_normal_common@?$output_processor@DV?$stream_output_adapter@D@__crt_stdio_output@@V?$standard_base@DV?$stream_output_adapter@D@__crt_stdio_output@@@2@@__crt_stdio_output@@AAE_NXZ 100055e2 f i libucrt:output.obj
 0001:0000461e       ?state_case_normal_tchar@?$output_processor@DV?$stream_output_adapter@D@__crt_stdio_output@@V?$standard_base@DV?$stream_output_adapter@D@__crt_stdio_output@@@2@@__crt_stdio_output@@AAE_ND@Z 1000561e f i libucrt:output.obj
 0001:00004680       ?state_case_precision@?$output_processor@DV?$stream_output_adapter@D@__crt_stdio_output@@V?$standard_base@DV?$stream_output_adapter@D@__crt_stdio_output@@@2@@__crt_stdio_output@@AAE_NXZ 10005680 f i libucrt:output.obj
 0001:000046a6       ?state_case_size@?$output_processor@DV?$stream_output_adapter@D@__crt_stdio_output@@V?$standard_base@DV?$stream_output_adapter@D@__crt_stdio_output@@@2@@__crt_stdio_output@@AAE_NXZ 100056a6 f i libucrt:output.obj
 0001:00004800       ?state_case_type@?$output_processor@DV?$stream_output_adapter@D@__crt_stdio_output@@V?$standard_base@DV?$stream_output_adapter@D@__crt_stdio_output@@@2@@__crt_stdio_output@@AAE_NXZ 10005800 f i libucrt:output.obj
 0001:00004a29       ?state_case_width@?$output_processor@DV?$stream_output_adapter@D@__crt_stdio_output@@V?$standard_base@DV?$stream_output_adapter@D@__crt_stdio_output@@@2@@__crt_stdio_output@@AAE_NXZ 10005a29 f i libucrt:output.obj
 0001:00004a54       ?to_integer_size@__crt_stdio_output@@YAIW4length_modifier@1@@Z 10005a54 f i libucrt:output.obj
 0001:00004ab0       ?type_case_Z@?$output_processor@DV?$stream_output_adapter@D@__crt_stdio_output@@V?$standard_base@DV?$stream_output_adapter@D@__crt_stdio_output@@@2@@__crt_stdio_output@@AAE_NXZ 10005ab0 f i libucrt:output.obj
 0001:00004b11       ?type_case_a@?$output_processor@DV?$stream_output_adapter@D@__crt_stdio_output@@V?$standard_base@DV?$stream_output_adapter@D@__crt_stdio_output@@@2@@__crt_stdio_output@@AAE_NXZ 10005b11 f i libucrt:output.obj
 0001:00004c6a       ?type_case_c_tchar@?$output_processor@DV?$stream_output_adapter@D@__crt_stdio_output@@V?$standard_base@DV?$stream_output_adapter@D@__crt_stdio_output@@@2@@__crt_stdio_output@@AAE_ND@Z 10005c6a f i libucrt:output.obj
 0001:00004cfa       ?type_case_integer@?$output_processor@DV?$stream_output_adapter@D@__crt_stdio_output@@V?$standard_base@DV?$stream_output_adapter@D@__crt_stdio_output@@@2@@__crt_stdio_output@@AAE_NI_N@Z 10005cfa f i libucrt:output.obj
 0001:00004e4d       ?type_case_n@?$output_processor@DV?$stream_output_adapter@D@__crt_stdio_output@@V?$standard_base@DV?$stream_output_adapter@D@__crt_stdio_output@@@2@@__crt_stdio_output@@AAE_NXZ 10005e4d f i libucrt:output.obj
 0001:00004ec1       ?type_case_o@?$output_processor@DV?$stream_output_adapter@D@__crt_stdio_output@@V?$standard_base@DV?$stream_output_adapter@D@__crt_stdio_output@@@2@@__crt_stdio_output@@AAE_NXZ 10005ec1 f i libucrt:output.obj
 0001:00004ee0       ?type_case_p@?$output_processor@DV?$stream_output_adapter@D@__crt_stdio_output@@V?$standard_base@DV?$stream_output_adapter@D@__crt_stdio_output@@@2@@__crt_stdio_output@@AAE_NXZ 10005ee0 f i libucrt:output.obj
 0001:00004ef8       ?type_case_s@?$output_processor@DV?$stream_output_adapter@D@__crt_stdio_output@@V?$standard_base@DV?$stream_output_adapter@D@__crt_stdio_output@@@2@@__crt_stdio_output@@AAE_NXZ 10005ef8 f i libucrt:output.obj
 0001:00004f69       ?validate@?$stream_output_adapter@D@__crt_stdio_output@@QBE_NXZ 10005f69 f i libucrt:output.obj
 0001:00004f8a       ?validate_stream_is_ansi_if_required@?$__acrt_stdio_char_traits@D@@SA_NQAU_iobuf@@@Z 10005f8a f i libucrt:output.obj
 0001:00005010       ?write_character_without_count_update@?$stream_output_adapter@D@__crt_stdio_output@@QBE_ND@Z 10006010 f i libucrt:output.obj
 0001:00005045       ?write_stored_string_tchar@?$output_processor@DV?$stream_output_adapter@D@__crt_stdio_output@@V?$standard_base@DV?$stream_output_adapter@D@__crt_stdio_output@@@2@@__crt_stdio_output@@AAE_ND@Z 10006045 f i libucrt:output.obj
 0001:000050ee       ?write_string@?$stream_output_adapter@D@__crt_stdio_output@@QBEXQBDHQAHAAV__crt_deferred_errno_cache@@@Z 100060ee f i libucrt:output.obj
 0001:00005119       ?write_string_impl@?$output_adapter_common@DV?$stream_output_adapter@D@__crt_stdio_output@@@__crt_stdio_output@@IBEXQBDHQAHAAV__crt_deferred_errno_cache@@@Z 10006119 f i libucrt:output.obj
 0001:000051b9       ___stdio_common_vfprintf   100061b9 f   libucrt:output.obj
 0001:0000523e       _free                      1000623e f   libucrt:free.obj
 0001:0000525b       ___acrt_call_reportfault   1000625b f   libucrt:invalid_parameter.obj
 0001:00005396       ___acrt_initialize_invalid_parameter_handler 10006396 f   libucrt:invalid_parameter.obj
 0001:000053a5       __invalid_parameter        100063a5 f   libucrt:invalid_parameter.obj
 0001:00005420       __invalid_parameter_noinfo 10006420 f   libucrt:invalid_parameter.obj
 0001:00005430       __invalid_parameter_noinfo_noreturn 10006430 f   libucrt:invalid_parameter.obj
 0001:0000544d       __invoke_watson            1000644d f   libucrt:invalid_parameter.obj
 0001:00005481       _malloc                    10006481 f   libucrt:malloc.obj
 0001:0000548c       ___acrt_initialize_new_handler 1000648c f   libucrt:new_handler.obj
 0001:0000549b       __callnewh                 1000649b f   libucrt:new_handler.obj
 0001:000054df       __query_new_handler        100064df f   libucrt:new_handler.obj
 0001:00005531       __initterm                 10006531 f   libucrt:initterm.obj
 0001:0000558d       __initterm_e               1000658d f   libucrt:initterm.obj
 0001:000055d2       __seh_filter_dll           100065d2 f   libucrt:exception_filter.obj
 0001:000055f2       __seh_filter_exe           100065f2 f   libucrt:exception_filter.obj
 0001:000059e0       ___acrt_initialize_thread_local_exit_callback 100069e0 f   libucrt:exit.obj
 0001:000059ef       __cexit                    100069ef f   libucrt:exit.obj
 0001:000059fe       __exit                     100069fe f   libucrt:exit.obj
 0001:00005a14       __is_c_termination_complete 10006a14 f   libucrt:exit.obj
 0001:00005ccb       ___acrt_allocate_buffer_for_argv 10006ccb f   libucrt:argv_parsing.obj
 0001:00005d1a       __configure_narrow_argv    10006d1a f   libucrt:argv_parsing.obj
 0001:00005e79       ??$uninitialize@A6AXAAPAPA_W@Z@?$dual_state_global@PAPA_W@__crt_state_management@@QAEXA6AXAAPAPA_W@Z@Z 10006e79 f i libucrt:environment_initialization.obj
 0001:00005e79       ??$uninitialize@A6AXAAPAPAD@Z@?$dual_state_global@PAPAD@__crt_state_management@@QAEXA6AXAAPAPAD@Z@Z 10006e79 f i libucrt:environment_initialization.obj
 0001:00005eef       ___dcrt_uninitialize_environments_nolock 10006eef f   libucrt:environment_initialization.obj
 0001:00005f26       __initialize_narrow_environment 10006f26 f   libucrt:environment_initialization.obj
 0001:000060a0       __execute_onexit_table     100070a0 f   libucrt:onexit.obj
 0001:000060cf       __initialize_onexit_table  100070cf f   libucrt:onexit.obj
 0001:00006133       ___acrt_uninitialize_command_line 10007133 f   libucrt:argv_data.obj
 0001:0000621b       ___acrt_initialize         1000721b f   libucrt:initialization.obj
 0001:0000622d       ___acrt_thread_attach      1000722d f   libucrt:initialization.obj
 0001:00006238       ___acrt_thread_detach      10007238 f   libucrt:initialization.obj
 0001:00006240       ___acrt_uninitialize       10007240 f   libucrt:initialization.obj
 0001:00006270       ___acrt_uninitialize_critical 10007270 f   libucrt:initialization.obj
 0001:00006282       _terminate                 10007282 f   libucrt:terminate.obj
 0001:000062be       _strcpy_s                  100072be f   libucrt:strcpy_s.obj
 0001:00006318       ??$is_overflow_condition@K@__crt_strtox@@YA_NIK@Z 10007318 f i libucrt:atox.obj
 0001:00006349       ??$parse_integer@KV?$c_string_character_source@D@__crt_strtox@@@__crt_strtox@@YAKQAU__crt_locale_pointers@@V?$c_string_character_source@D@0@H_N@Z 10007349 f i libucrt:atox.obj
 0001:00006572       ?unget@?$c_string_character_source@D@__crt_strtox@@QAEXD@Z 10007572 f i libucrt:atox.obj
 0001:0000659b       ?validate@?$c_string_character_source@D@__crt_strtox@@QBE_NXZ 1000759b f i libucrt:atox.obj
 0001:000065b6       __chvalidchk_l             100075b6 f i libucrt:atox.obj
 0001:000065dc       __ischartype_l             100075dc f i libucrt:atox.obj
 0001:00006610       _strncmp                   10007610 f   libucrt:strncmp.obj
 0001:00006688       _abort                     10007688 f   libucrt:abort.obj
 0001:000066cc       _calloc                    100076cc f   libucrt:calloc.obj
 0001:000066d7       _wcsncmp                   100076d7 f   libucrt:wcsncmp.obj
 0001:00006711       ___acrt_errno_from_os_error 10007711 f   libucrt:errno.obj
 0001:00006754       ___acrt_errno_map_os_error 10007754 f   libucrt:errno.obj
 0001:00006777       ___doserrno                10007777 f   libucrt:errno.obj
 0001:0000678a       __errno                    1000778a f   libucrt:errno.obj
 0001:0000679d       __calloc_base              1000779d f   libucrt:calloc_base.obj
 0001:000067fa       __free_base                100077fa f   libucrt:free_base.obj
 0001:000069b2       ___acrt_AppPolicyGetProcessTerminationMethodInternal@4 100079b2 f   libucrt:winapi_thunks.obj
 0001:00006a09       ___acrt_FlsAlloc@4         10007a09 f   libucrt:winapi_thunks.obj
 0001:00006a5f       ___acrt_FlsFree@4          10007a5f f   libucrt:winapi_thunks.obj
 0001:00006ab5       ___acrt_FlsGetValue@4      10007ab5 f   libucrt:winapi_thunks.obj
 0001:00006b0b       ___acrt_FlsSetValue@8      10007b0b f   libucrt:winapi_thunks.obj
 0001:00006b64       ___acrt_InitializeCriticalSectionEx@12 10007b64 f   libucrt:winapi_thunks.obj
 0001:00006bc6       ___acrt_LCMapStringEx@36   10007bc6 f   libucrt:winapi_thunks.obj
 0001:00006c3a       ___acrt_LocaleNameToLCID@8 10007c3a f   libucrt:winapi_thunks.obj
 0001:00006c82       ___acrt_initialize_winapi_thunks 10007c82 f   libucrt:winapi_thunks.obj
 0001:00006cbe       ___acrt_uninitialize_winapi_thunks 10007cbe f   libucrt:winapi_thunks.obj
 0001:00006cf4       __fcloseall                10007cf4 f   libucrt:closeall.obj
 0001:00006f5b       ___acrt_stdio_flush_nolock 10007f5b f   libucrt:fflush.obj
 0001:00006fbe       __fflush_nolock            10007fbe f   libucrt:fflush.obj
 0001:00007005       __flushall                 10008005 f   libucrt:fflush.obj
 0001:0000700e       ___acrt_stdio_free_buffer_nolock 1000800e f   libucrt:_freebuf.obj
 0001:000071b8       ___acrt_initialize_lowio   100081b8 f   libucrt:ioinit.obj
 0001:0000720e       ___acrt_uninitialize_lowio 1000820e f   libucrt:ioinit.obj
 0001:0000723a       __isdigit_l                1000823a f i libucrt:_ctype.obj
 0001:00007272       _isdigit                   10008272 f i libucrt:_ctype.obj
 0001:00007406       __tolower_l                10008406 f   libucrt:tolower_toupper.obj
 0001:00007420       _tolower                   10008420 f   libucrt:tolower_toupper.obj
 0001:00007450       __malloc_base              10008450 f   libucrt:malloc_base.obj
 0001:0000749e       ??$make_c_string_character_source@DPAPAD@__crt_strtox@@YA?AV?$c_string_character_source@D@0@QBDQAPAD@Z 1000849e f i libucrt:strtox.obj
 0001:000074b9       _strtol                    100084b9 f   libucrt:strtox.obj
 0001:000074e5       __mbtowc_l                 100084e5 f   libucrt:mbtowc.obj
 0001:00007629       _mbtowc                    10008629 f   libucrt:mbtowc.obj
 0001:00007643       __wctomb_s_l               10008643 f   libucrt:wctomb.obj
 0001:00007766       _wctomb_s                  10008766 f   libucrt:wctomb.obj
 0001:00007783       _strnlen                   10008783 f   libucrt:strnlen.obj
 0001:000078a5       _wcsnlen                   100088a5 f   libucrt:strnlen.obj
 0001:00007d6f       ___acrt_freeptd            10008d6f f   libucrt:per_thread_data.obj
 0001:00007d9b       ___acrt_getptd             10008d9b f   libucrt:per_thread_data.obj
 0001:00007e52       ___acrt_getptd_head        10008e52 f   libucrt:per_thread_data.obj
 0001:00007eec       ___acrt_getptd_noexit      10008eec f   libucrt:per_thread_data.obj
 0001:00007f99       ___acrt_initialize_ptd     10008f99 f   libucrt:per_thread_data.obj
 0001:00007fc5       ___acrt_uninitialize_ptd   10008fc5 f   libucrt:per_thread_data.obj
 0001:00007fdf       ___acrt_update_locale_info 10008fdf f   libucrt:locale_update.obj
 0001:0000800c       ___acrt_update_multibyte_info 1000900c f   libucrt:locale_update.obj
 0001:00008039       ?__acrt_fp_classify@@YA?AW4__acrt_fp_class@@ABN@Z 10009039 f i libucrt:cvt.obj
 0001:000088ef       ___acrt_fp_format          100098ef f   libucrt:cvt.obj
 0001:00008a2c       __fileno                   10009a2c f   libucrt:fileno.obj
 0001:00008a52       __fputc_nolock             10009a52 f   libucrt:fputc.obj
 0001:00008a7b       __get_printf_count_output  10009a7b f   libucrt:printf_count_output.obj
 0001:00008a90       ___acrt_stdio_begin_temporary_buffering_nolock 10009a90 f   libucrt:_sftbuf.obj
 0001:00008b45       ___acrt_stdio_end_temporary_buffering_nolock 10009b45 f   libucrt:_sftbuf.obj
 0001:00008be2       ___acrt_set_locale_changed 10009be2 f   libucrt:wsetlocale.obj
 0001:00008bed       ___acrt_uninitialize_locale 10009bed f   libucrt:wsetlocale.obj
 0001:00008c16       ___acrt_initialize_locks   10009c16 f   libucrt:locks.obj
 0001:00008c57       ___acrt_lock               10009c57 f   libucrt:locks.obj
 0001:00008c6e       ___acrt_uninitialize_locks 10009c6e f   libucrt:locks.obj
 0001:00008c9f       ___acrt_unlock             10009c9f f   libucrt:locks.obj
 0001:00008cb6       ___acrt_get_process_end_policy 10009cb6 f   libucrt:win_policies.obj
 0001:000091ac       ___acrt_expand_narrow_argv_wildcards 1000a1ac f   libucrt:argv_wildcards.obj
 0001:000091b7       ___acrt_GetModuleFileNameA 1000a1b7 f   libucrt:getmodulefilenamea.obj
 0001:00009762       ___acrt_initialize_multibyte 1000a762 f   libucrt:mbctype.obj
 0001:000097aa       ___acrt_update_thread_multibyte_data 1000a7aa f   libucrt:mbctype.obj
 0001:000097bd       __setmbcp_nolock           1000a7bd f   libucrt:mbctype.obj
 0001:00009a92       __ismbblead                1000aa92 f   libucrt:ismbbyte.obj
 0001:00009aaa       ___acrt_initialize_command_line 1000aaaa f   libucrt:argv_data.obj
 0001:00009ac3       ___acrt_MultiByteToWideChar 1000aac3 f   libucrt:multibytetowidechar.obj
 0001:00009b3f       ___acrt_WideCharToMultiByte 1000ab3f f   libucrt:widechartomultibyte.obj
 0001:00009c23       ___dcrt_get_narrow_environment_from_os 1000ac23 f   libucrt:get_environment_from_os.obj
 0001:00009ca9       __recalloc                 1000aca9 f   libucrt:recalloc.obj
 0001:00009cb4       __recalloc_base            1000acb4 f   libucrt:recalloc.obj
 0001:00009d21       ___acrt_initialize_heap    1000ad21 f   libucrt:heap_handle.obj
 0001:00009d32       ___acrt_uninitialize_heap  1000ad32 f   libucrt:heap_handle.obj
 0001:00009d3c       ___acrt_execute_initializers 1000ad3c f   libucrt:shared_initialization.obj
 0001:00009dbf       ___acrt_execute_uninitializers 1000adbf f   libucrt:shared_initialization.obj
 0001:00009ecb       ___acrt_get_sigabrt_handler 1000aecb f   libucrt:signal.obj
 0001:00009ef4       ___acrt_initialize_signal_handlers 1000aef4 f   libucrt:signal.obj
 0001:00009f12       ___fpecode                 1000af12 f   libucrt:signal.obj
 0001:00009f1b       _raise                     1000af1b f   libucrt:signal.obj
 0001:0000a11d       ___acrt_has_user_matherr   1000b11d f   libucrt:matherr.obj
 0001:0000a135       ___acrt_initialize_user_matherr 1000b135 f   libucrt:matherr.obj
 0001:0000a144       ___acrt_invoke_user_matherr 1000b144 f   libucrt:matherr.obj
 0001:0000a18d       ___pctype_func             1000b18d f   libucrt:ctype.obj
 0001:0000a1b3       __isctype_l                1000b1b3 f   libucrt:isctype.obj
 0001:0000a28b       __query_new_mode           1000b28b f   libucrt:new_mode.obj
 0001:0000a345       ___acrt_DownlevelLocaleNameToLCID 1000b345 f   libucrt:lcidtoname_downlevel.obj
 0001:0000a371       __fclose_nolock            1000b371 f   libucrt:fclose.obj
 0001:0000a3e7       _fclose                    1000b3e7 f   libucrt:fclose.obj
 0001:0000a4f8       __commit                   1000b4f8 f   libucrt:commit.obj
 0001:0000ab22       __write                    1000bb22 f   libucrt:write.obj
 0001:0000ac0a       __write_nolock             1000bc0a f   libucrt:write.obj
 0001:0000ae1c       ___acrt_lowio_create_handle_array 1000be1c f   libucrt:osfinfo.obj
 0001:0000ae96       ___acrt_lowio_destroy_handle_array 1000be96 f   libucrt:osfinfo.obj
 0001:0000aecb       ___acrt_lowio_ensure_fh_exists 1000becb f   libucrt:osfinfo.obj
 0001:0000af5f       ___acrt_lowio_lock_fh      1000bf5f f   libucrt:osfinfo.obj
 0001:0000af82       ___acrt_lowio_unlock_fh    1000bf82 f   libucrt:osfinfo.obj
 0001:0000afa5       __free_osfhnd              1000bfa5 f   libucrt:osfinfo.obj
 0001:0000b036       __get_osfhandle            1000c036 f   libucrt:osfinfo.obj
 0001:0000b0a0       __isleadbyte_l             1000c0a0 f i libucrt:_wctype.obj
 0001:0000b2c5       ___acrt_LCMapStringA       1000c2c5 f   libucrt:lcmapstringa.obj
 0001:0000b310       __freea_crt                1000c310 f i libucrt:lcmapstringa.obj
 0001:0000b35c       ?__mbrtowc_utf8@__crt_mbstring@@YAIPA_WPBDIPAU_Mbstatet@@@Z 1000c35c f   libucrt:mbrtowc.obj
 0001:0000b39e       ?__mbsrtowcs_utf8@__crt_mbstring@@YAIPA_WPAPBDIPAU_Mbstatet@@@Z 1000c39e f   libucrt:mbrtowc.obj
 0001:0000b49b       ___acrt_add_locale_ref     1000c49b f   libucrt:locale_refcounting.obj
 0001:0000b518       ___acrt_free_locale        1000c518 f   libucrt:locale_refcounting.obj
 0001:0000b662       ___acrt_locale_add_lc_time_reference 1000c662 f   libucrt:locale_refcounting.obj
 0001:0000b68b       ___acrt_locale_free_lc_time_if_unreferenced 1000c68b f   libucrt:locale_refcounting.obj
 0001:0000b6bb       ___acrt_locale_release_lc_time_reference 1000c6bb f   libucrt:locale_refcounting.obj
 0001:0000b6e4       ___acrt_release_locale_ref 1000c6e4 f   libucrt:locale_refcounting.obj
 0001:0000b765       ___acrt_update_thread_locale_data 1000c765 f   libucrt:locale_refcounting.obj
 0001:0000b7dc       __updatetlocinfoEx_nolock  1000c7dc f   libucrt:locale_refcounting.obj
 0001:0000b82c       ___acrt_fp_strflt_to_string 1000c82c f   libucrt:_fptostr.obj
 0001:0000b8f0       ?divide@__crt_strtox@@YA_KAAUbig_integer@1@ABU21@@Z 1000c8f0 f i libucrt:cfout.obj
 0001:0000bd7d       ___acrt_fltout             1000cd7d f   libucrt:cfout.obj
 0001:0000d2c8       ___acrt_stdio_flush_and_write_narrow_nolock 1000e2c8 f   libucrt:_flsbuf.obj
 0001:0000d2d3       __isatty                   1000e2d3 f   libucrt:isatty.obj
 0001:0000d329       ___acrt_locale_free_monetary 1000e329 f   libucrt:initmon.obj
 0001:0000d427       ___acrt_locale_free_numeric 1000e427 f   libucrt:initnum.obj
 0001:0000d4c8       ___acrt_locale_free_time   1000e4c8 f   libucrt:inittime.obj
 0001:0000d5ac       ___acrt_GetStringTypeA     1000e5ac f   libucrt:getstringtypea.obj
 0001:0000d700       _qsort                     1000e700 f   libucrt:qsort.obj
 0001:0000dbf4       _strncpy_s                 1000ebf4 f   libucrt:strncpy_s.obj
 0001:0000dc00       _strpbrk                   1000ec00 f   libucrt:strpbrk.obj
 0001:0000dc40       ??$__acrt_convert_wcs_mbs@D_W$$A6AIPA_WPBDIPAU__crt_locale_pointers@@@ZU__crt_win32_buffer_internal_dynamic_resizing@@@@YAHQBDAAV?$__crt_win32_buffer@_WU__crt_win32_buffer_internal_dynamic_resizing@@@@A6AIPA_WPBDIPAU__crt_locale_pointers@@@Z4@Z 1000ec40 f i libucrt:findfirstfileexa.obj
 0001:0000dce1       ??$__acrt_mbs_to_wcs@U__crt_win32_buffer_internal_dynamic_resizing@@@@YAHQBDAAV?$__crt_win32_buffer@_WU__crt_win32_buffer_internal_dynamic_resizing@@@@PAU__crt_locale_pointers@@@Z 1000ece1 f i libucrt:findfirstfileexa.obj
 0001:0000dcfe       ?_deallocate@?$__crt_win32_buffer@_WU__crt_win32_buffer_internal_dynamic_resizing@@@@AAEXXZ 1000ecfe f i libucrt:findfirstfileexa.obj
 0001:0000dd18       ?allocate@?$__crt_win32_buffer@_WU__crt_win32_buffer_internal_dynamic_resizing@@@@QAEHI@Z 1000ed18 f i libucrt:findfirstfileexa.obj
 0001:0000dd57       ?allocate@__crt_win32_buffer_internal_dynamic_resizing@@SAHQAPAXIABV__crt_win32_buffer_empty_debug_info@@@Z 1000ed57 f i libucrt:findfirstfileexa.obj
 0001:0000dd76       ___acrt_FindFirstFileExA   1000ed76 f   libucrt:findfirstfileexa.obj
 0001:0000dddc       ??$__acrt_convert_wcs_mbs@_WD$$A6AIPADPB_WIPAU__crt_locale_pointers@@@ZU__crt_win32_buffer_no_resizing@@@@YAHQB_WAAV?$__crt_win32_buffer@DU__crt_win32_buffer_no_resizing@@@@A6AIPADPB_WIPAU__crt_locale_pointers@@@Z4@Z 1000eddc f i libucrt:findnextfilea.obj
 0001:0000de7e       ?allocate@?$__crt_win32_buffer@DU__crt_win32_buffer_no_resizing@@@@QAEHI@Z 1000ee7e f i libucrt:findnextfilea.obj
 0001:0000dea5       ?set_to_nullptr@?$__crt_win32_buffer@DU__crt_win32_buffer_no_resizing@@@@QAEXXZ 1000eea5 f i libucrt:findnextfilea.obj
 0001:0000deb9       ___acrt_FindNextFileA      1000eeb9 f   libucrt:findnextfilea.obj
 0001:0000dffa       __mbsdec                   1000effa f   libucrt:mbsdec.obj
 0001:0000e011       __mbsdec_l                 1000f011 f   libucrt:mbsdec.obj
 0001:0000e245       __mbstowcs_l               1000f245 f   libucrt:mbstowcs.obj
 0001:0000e250       _mbstowcs                  1000f250 f   libucrt:mbstowcs.obj
 0001:0000e289       __msize                    1000f289 f   libucrt:msize.obj
 0001:0000e294       __msize_base               1000f294 f   libucrt:msize.obj
 0001:0000e2c7       __realloc_base             1000f2c7 f   libucrt:realloc_base.obj
 0001:0000e3b2       __close                    1000f3b2 f   libucrt:close.obj
 0001:0000e441       __close_nolock             1000f441 f   libucrt:close.obj
 0001:0000e4dd       ?__acrt_stdio_free_stream@@YAXV__crt_stdio_stream@@@Z 1000f4dd f   libucrt:stream.obj
 0001:0000e698       __lseeki64                 1000f698 f   libucrt:lseek.obj
 0001:0000e6b3       __lseeki64_nolock          1000f6b3 f   libucrt:lseek.obj
 0001:0000e6ce       __putwch_nolock            1000f6ce f   libucrt:putwch.obj
 0001:0000e702       __query_app_type           1000f702 f   libucrt:report_runtime_error.obj
 0001:0000e708       ___strncnt                 1000f708 f   libucrt:strncnt.obj
 0001:0000e724       ?__mbrtoc32_utf8@__crt_mbstring@@YAIPA_UPBDIPAU_Mbstatet@@@Z 1000f724 f   libucrt:mbrtoc32.obj
 0001:0000e8d8       ?return_illegal_sequence@__crt_mbstring@@YAIPAU_Mbstatet@@@Z 1000f8d8 f i libucrt:mbrtoc32.obj
 0001:0000e8f7       _fegetenv                  1000f8f7 f   libucrt:fegetenv.obj
 0001:0000e914       _fesetenv                  1000f914 f   libucrt:fesetenv.obj
 0001:0000e961       _feholdexcept              1000f961 f   libucrt:feholdexcept.obj
 0001:0000e9b0       __CIlog10                  1000f9b0 f   libucrt:log10_impl.obj
 0001:0000e9eb       __CIlog10_default          1000f9eb f   libucrt:log10_impl.obj
 0001:0000e9ff       __log10_default            1000f9ff     libucrt:log10_impl.obj
 0001:0000eac0       _ceil                      1000fac0 f   libucrt:ceil_pentium4.obj
 0001:0000eb00       __ceil_pentium4            1000fb00 f   libucrt:ceil_pentium4.obj
 0001:0000ebdd       ___acrt_stdio_allocate_buffer_nolock 1000fbdd f   libucrt:_getbuf.obj
 0001:0000eedf       __wcstombs_l               1000fedf f   libucrt:wcstombs.obj
 0001:0000ef09       ___dcrt_lowio_ensure_console_output_initialized 1000ff09 f   libucrt:initcon.obj
 0001:0000ef28       ___dcrt_terminate_console_output 1000ff28 f   libucrt:initcon.obj
 0001:0000ef3f       ___dcrt_write_console      1000ff3f f   libucrt:initcon.obj
 0001:0000f314       ___acrt_fenv_get_control   10010314 f   libucrt:_fenvutils.obj
 0001:0000f396       ___acrt_fenv_get_status    10010396 f   libucrt:_fenvutils.obj
 0001:0000f458       ___acrt_fenv_set_control   10010458 f   libucrt:_fenvutils.obj
 0001:0000f4c2       ___acrt_fenv_set_status    100104c2 f   libucrt:_fenvutils.obj
 0001:0000f5bb       __clearfp                  100105bb f   libucrt:ieee87.obj
 0001:0000f69b       ___acrt_initialize_sse2    1001069b f   libucrt:mathfcns.obj
 0001:0000f6b0       __CIlog10_pentium4         100106b0 f   libucrt:log10_pentium4.obj
 0001:0000f6c8       __log10_pentium4           100106c8     libucrt:log10_pentium4.obj
 0001:0000f960       __fFEXP                    10010960 f   libucrt:87tran.obj
 0001:0000f9b7       __rtinfpopse               100109b7     libucrt:87tran.obj
 0001:0000f9b9       __rtinfnpopse              100109b9     libucrt:87tran.obj
 0001:0000f9c9       __fFLN                     100109c9     libucrt:87tran.obj
 0001:0000fa7e       __rtinfpop                 10010a7e     libucrt:87tran.obj
 0001:0000fa80       __rtinfnpop                10010a80     libucrt:87tran.obj
 0001:0000fa90       __rtforexpinf              10010a90 f   libucrt:87tran.obj
 0001:0000fa9d       __ffexpm1                  10010a9d     libucrt:87tran.obj
 0001:0000fb50       __trandisp1                10010b50 f   libucrt:87disp.obj
 0001:0000fbc5       __trandisp2                10010bc5 f   libucrt:87disp.obj
 0001:0000fc5f       __rttospopde               10010c5f     libucrt:87disp.obj
 0001:0000fc64       __rttospop                 10010c64     libucrt:87disp.obj
 0001:0000fc70       __rtnospop                 10010c70 f   libucrt:87disp.obj
 0001:0000fc80       __rttosnpop                10010c80 f   libucrt:87disp.obj
 0001:0000fc81       __rtnospopde               10010c81     libucrt:87disp.obj
 0001:0000fc88       __rtzeropop                10010c88     libucrt:87disp.obj
 0001:0000fc8a       __rtzeronpop               10010c8a     libucrt:87disp.obj
 0001:0000fc90       __rtzerospop               10010c90 f   libucrt:87disp.obj
 0001:0000fc9d       __rtonepop                 10010c9d     libucrt:87disp.obj
 0001:0000fca0       __rtonenpop                10010ca0 f   libucrt:87disp.obj
 0001:0000fcb0       __tosnan1                  10010cb0 f   libucrt:87disp.obj
 0001:0000fce0       __nosnan2                  10010ce0 f   libucrt:87disp.obj
 0001:0000fcf0       __tosnan2                  10010cf0 f   libucrt:87disp.obj
 0001:0000fd20       __nan2                     10010d20 f   libucrt:87disp.obj
 0001:0000fd60       __rtindfpop                10010d60 f   libucrt:87disp.obj
 0001:0000fd62       __rtindfnpop               10010d62     libucrt:87disp.obj
 0001:0000fd73       __rttosnpopde              10010d73     libucrt:87disp.obj
 0001:0000fd80       __rtatan2inf               10010d80 f   libucrt:87disp.obj
 0001:0000fd9d       __rtchsifneg               10010d9d     libucrt:87disp.obj
 0001:0000fdb0       __twoToTOS                 10010db0 f   libucrt:common.obj
 0001:0000fdc5       __load_CW                  10010dc5 f   libucrt:common.obj
 0001:0000fddc       __convertTOStoQNaN         10010ddc f   libucrt:common.obj
 0001:0000fdf5       __fload_withFB             10010df5 f   libucrt:common.obj
 0001:0000fe38       __checkTOS_withFB          10010e38 f   libucrt:common.obj
 0001:0000fe4e       __fast_exit                10010e4e f   libucrt:common.obj
 0001:0000fe5b       __math_exit                10010e5b f   libucrt:common.obj
 0001:0000fe85       __check_overflow_exit      10010e85 f   libucrt:common.obj
 0001:0000fe99       __check_range_exit         10010e99 f   libucrt:common.obj
 0001:0000ff40       __startTwoArgErrorHandling 10010f40 f   libucrt:genexcep.obj
 0001:0000ff57       __startOneArgErrorHandling 10010f57 f   libucrt:genexcep.obj
 0001:0000ff93       ___libm_error_support      10010f93 f   libucrt:libm_error.obj
 0001:000101ab       __ceil_default             100111ab f   libucrt:ceil.obj
 0001:00010264       ?__wcsrtombs_utf8@__crt_mbstring@@YAIPADPAPB_WIPAU_Mbstatet@@@Z 10011264 f   libucrt:wcrtomb.obj
 0001:00010370       ___ascii_strnicmp          10011370 f   libucrt:_strnicm.obj
 0001:000103d1       __clrfp                    100113d1 f   libucrt:fpctrl.obj
 0001:000103e4       __ctrlfp                   100113e4 f   libucrt:fpctrl.obj
 0001:00010410       __set_statfp               10011410 f   libucrt:fpctrl.obj
 0001:0001046b       __statfp                   1001146b f   libucrt:fpctrl.obj
 0001:0001047d       __d_inttype                1001147d f   libucrt:powhlp.obj
 0001:000104e7       __powhlp                   100114e7 f   libucrt:powhlp.obj
 0001:00010612       __87except                 10011612 f   libucrt:87except.obj
 0001:0001071c       __frnd                     1001171c f   libucrt:frnd.obj
 0001:00010732       __errcode                  10011732 f   libucrt:fpexcept.obj
 0001:00010766       __except1                  10011766 f   libucrt:fpexcept.obj
 0001:00010834       __handle_exc               10011834 f   libucrt:fpexcept.obj
 0001:00010a21       __raise_exc                10011a21 f   libucrt:fpexcept.obj
 0001:00010a44       __raise_exc_ex             10011a44 f   libucrt:fpexcept.obj
 0001:00010d3a       __set_errno_from_matherr   10011d3a f   libucrt:fpexcept.obj
 0001:00010d69       __umatherr                 10011d69 f   libucrt:fpexcept.obj
 0001:00010e0b       __decomp                   10011e0b f   libucrt:util.obj
 0001:00010ee9       __set_exp                  10011ee9 f   libucrt:util.obj
 0001:00010f18       __sptype                   10011f18 f   libucrt:util.obj
 0001:00010f76       ?__c16rtomb_utf8@__crt_mbstring@@YAIPAD_SPAU_Mbstatet@@@Z 10011f76 f   libucrt:c16rtomb.obj
 0001:00011014       __fpclass                  10012014 f   libucrt:ieeemisc.obj
 0001:000110b8       ?__c32rtomb_utf8@__crt_mbstring@@YAIPAD_UPAU_Mbstatet@@@Z 100120b8 f   libucrt:c32rtomb.obj
 0001:00011167       _c32rtomb                  10012167 f   libucrt:c32rtomb.obj
 0001:00011172       _IsProcessorFeaturePresent@4 10012172 f   kernel32:KERNEL32.dll
 0001:00011180       __FindPESection            10012180 f   LIBCMT:pesect.obj
 0001:000111d0       __IsNonwritableInCurrentImage 100121d0 f   LIBCMT:pesect.obj
 0001:00011290       __ValidateImageBase        10012290 f   LIBCMT:pesect.obj
 0001:000112c3       __EH_epilog3               100122c3 f   LIBCMT:ehprolg3.obj
 0001:000112d8       __EH_epilog3_GS            100122d8 f   LIBCMT:ehprolg3.obj
 0001:000112e9       __EH_prolog3_GS            100122e9 f   LIBCMT:ehprolg3.obj
 0001:00011320       __EH_prolog3_catch         10012320 f   LIBCMT:ehprolg3.obj
 0001:00011360       __aulldvrm                 10012360 f   LIBCMT:ulldvrm.obj
 0001:00011400       __SEH_prolog4_GS           10012400 f   LIBCMT:_sehprolg4gs_.obj
 0001:00011449       __SEH_epilog4_GS           10012449 f   LIBCMT:_sehprolg4gs_.obj
 0001:00011460       __allmul                   10012460 f   LIBCMT:llmul.obj
 0001:000114a0       __alldvrm                  100124a0 f   LIBCMT:lldvrm.obj
 0001:00011580       __aullshr                  10012580 f   LIBCMT:ullshr.obj
 0001:000115a0       __chkstk                   100125a0 f   LIBCMT:chkstk.obj
 0001:000115a0       __alloca_probe             100125a0 f   LIBCMT:chkstk.obj
 0001:000115d0       __alloca_probe_16          100125d0 f   LIBCMT:alloca16.obj
 0001:000115e6       __alloca_probe_8           100125e6     LIBCMT:alloca16.obj
 0001:00011600       __allshl                   10012600 f   LIBCMT:llshl.obj
 0001:00011620       __ftol2_sse                10012620 f   LIBCMT:_ftol2_.obj
 0001:00011629       __ftol2_pentium4           10012629 f   LIBCMT:_ftol2_.obj
 0001:0001163c       __ftol2_sse_excpt          1001263c f   LIBCMT:_ftol2_.obj
 0001:00011660       __ftol2                    10012660 f   LIBCMT:_ftol2_.obj
 0001:000116e0       _strrchr                   100126e0 f   libvcruntime:strrchr.obj
 0001:00011820       _strchr                    10012820 f   libvcruntime:strchr.obj
 0001:0001188e       ___from_strstr_to_strchr   1001288e     libvcruntime:strchr.obj
 0002:00000000       __imp__GetLastError@0      10013000     kernel32:KERNEL32.dll
 0002:00000004       __imp__LoadLibraryA@4      10013004     kernel32:KERNEL32.dll
 0002:00000008       __imp__GetProcAddress@8    10013008     kernel32:KERNEL32.dll
 0002:0000000c       __imp__FreeLibrary@4       1001300c     kernel32:KERNEL32.dll
 0002:00000010       __imp__WriteConsoleW@20    10013010     kernel32:KERNEL32.dll
 0002:00000014       __imp__CreateFileW@28      10013014     kernel32:KERNEL32.dll
 0002:00000018       __imp__SetFilePointerEx@20 10013018     kernel32:KERNEL32.dll
 0002:0000001c       __imp__CloseHandle@4       1001301c     kernel32:KERNEL32.dll
 0002:00000020       __imp__HeapReAlloc@16      10013020     kernel32:KERNEL32.dll
 0002:00000024       __imp__HeapSize@12         10013024     kernel32:KERNEL32.dll
 0002:00000028       __imp__GetStringTypeW@16   10013028     kernel32:KERNEL32.dll
 0002:0000002c       __imp__SetStdHandle@8      1001302c     kernel32:KERNEL32.dll
 0002:00000030       __imp__GetConsoleMode@8    10013030     kernel32:KERNEL32.dll
 0002:00000034       __imp__GetConsoleCP@0      10013034     kernel32:KERNEL32.dll
 0002:00000038       __imp__WriteFile@20        10013038     kernel32:KERNEL32.dll
 0002:0000003c       __imp__FlushFileBuffers@4  1001303c     kernel32:KERNEL32.dll
 0002:00000040       __imp__GetProcessHeap@0    10013040     kernel32:KERNEL32.dll
 0002:00000044       __imp__FreeEnvironmentStringsW@4 10013044     kernel32:KERNEL32.dll
 0002:00000048       __imp__GetEnvironmentStringsW@0 10013048     kernel32:KERNEL32.dll
 0002:0000004c       __imp__WideCharToMultiByte@32 1001304c     kernel32:KERNEL32.dll
 0002:00000050       __imp__MultiByteToWideChar@24 10013050     kernel32:KERNEL32.dll
 0002:00000054       __imp__UnhandledExceptionFilter@4 10013054     kernel32:KERNEL32.dll
 0002:00000058       __imp__SetUnhandledExceptionFilter@4 10013058     kernel32:KERNEL32.dll
 0002:0000005c       __imp__GetCurrentProcess@0 1001305c     kernel32:KERNEL32.dll
 0002:00000060       __imp__TerminateProcess@8  10013060     kernel32:KERNEL32.dll
 0002:00000064       __imp__IsProcessorFeaturePresent@4 10013064     kernel32:KERNEL32.dll
 0002:00000068       __imp__QueryPerformanceCounter@4 10013068     kernel32:KERNEL32.dll
 0002:0000006c       __imp__GetCurrentProcessId@0 1001306c     kernel32:KERNEL32.dll
 0002:00000070       __imp__GetCurrentThreadId@0 10013070     kernel32:KERNEL32.dll
 0002:00000074       __imp__GetSystemTimeAsFileTime@4 10013074     kernel32:KERNEL32.dll
 0002:00000078       __imp__InitializeSListHead@4 10013078     kernel32:KERNEL32.dll
 0002:0000007c       __imp__IsDebuggerPresent@0 1001307c     kernel32:KERNEL32.dll
 0002:00000080       __imp__GetStartupInfoW@4   10013080     kernel32:KERNEL32.dll
 0002:00000084       __imp__GetModuleHandleW@4  10013084     kernel32:KERNEL32.dll
 0002:00000088       __imp__RaiseException@16   10013088     kernel32:KERNEL32.dll
 0002:0000008c       __imp__InterlockedFlushSList@4 1001308c     kernel32:KERNEL32.dll
 0002:00000090       __imp__RtlUnwind@16        10013090     kernel32:KERNEL32.dll
 0002:00000094       __imp__SetLastError@4      10013094     kernel32:KERNEL32.dll
 0002:00000098       __imp__EnterCriticalSection@4 10013098     kernel32:KERNEL32.dll
 0002:0000009c       __imp__LeaveCriticalSection@4 1001309c     kernel32:KERNEL32.dll
 0002:000000a0       __imp__DeleteCriticalSection@4 100130a0     kernel32:KERNEL32.dll
 0002:000000a4       __imp__InitializeCriticalSectionAndSpinCount@8 100130a4     kernel32:KERNEL32.dll
 0002:000000a8       __imp__TlsAlloc@0          100130a8     kernel32:KERNEL32.dll
 0002:000000ac       __imp__TlsGetValue@4       100130ac     kernel32:KERNEL32.dll
 0002:000000b0       __imp__TlsSetValue@8       100130b0     kernel32:KERNEL32.dll
 0002:000000b4       __imp__TlsFree@4           100130b4     kernel32:KERNEL32.dll
 0002:000000b8       __imp__LoadLibraryExW@12   100130b8     kernel32:KERNEL32.dll
 0002:000000bc       __imp__EncodePointer@4     100130bc     kernel32:KERNEL32.dll
 0002:000000c0       __imp__ExitProcess@4       100130c0     kernel32:KERNEL32.dll
 0002:000000c4       __imp__GetModuleHandleExW@12 100130c4     kernel32:KERNEL32.dll
 0002:000000c8       __imp__GetModuleFileNameW@12 100130c8     kernel32:KERNEL32.dll
 0002:000000cc       __imp__HeapAlloc@12        100130cc     kernel32:KERNEL32.dll
 0002:000000d0       __imp__HeapFree@12         100130d0     kernel32:KERNEL32.dll
 0002:000000d4       __imp__LCMapStringW@24     100130d4     kernel32:KERNEL32.dll
 0002:000000d8       __imp__GetStdHandle@4      100130d8     kernel32:KERNEL32.dll
 0002:000000dc       __imp__GetFileType@4       100130dc     kernel32:KERNEL32.dll
 0002:000000e0       __imp__FindClose@4         100130e0     kernel32:KERNEL32.dll
 0002:000000e4       __imp__FindFirstFileExW@24 100130e4     kernel32:KERNEL32.dll
 0002:000000e8       __imp__FindNextFileW@8     100130e8     kernel32:KERNEL32.dll
 0002:000000ec       __imp__IsValidCodePage@4   100130ec     kernel32:KERNEL32.dll
 0002:000000f0       __imp__GetACP@0            100130f0     kernel32:KERNEL32.dll
 0002:000000f4       __imp__GetOEMCP@0          100130f4     kernel32:KERNEL32.dll
 0002:000000f8       __imp__GetCPInfo@8         100130f8     kernel32:KERNEL32.dll
 0002:000000fc       __imp__GetCommandLineA@0   100130fc     kernel32:KERNEL32.dll
 0002:00000100       __imp__GetCommandLineW@0   10013100     kernel32:KERNEL32.dll
 0002:00000104       __imp__DecodePointer@4     10013104     kernel32:KERNEL32.dll
 0002:00000108       \177KERNEL32_NULL_THUNK_DATA 10013108     kernel32:KERNEL32.dll
 0002:0000010c       __imp_?ToString@Value@v8@@QBE?AV?$Local@VString@v8@@@2@XZ 1001310c     iojs:node.dll
 0002:00000110       __imp__node_module_register 10013110     iojs:node.dll
 0002:00000114       __imp_?SetName@Function@v8@@QAEXV?$Local@VString@v8@@@2@@Z 10013114     iojs:node.dll
 0002:00000118       __imp_?Set@Object@v8@@QAE_NV?$Local@VValue@v8@@@2@0@Z 10013118     iojs:node.dll
 0002:0000011c       __imp_?NewFromUtf8@String@v8@@SA?AV?$Local@VString@v8@@@2@PAVIsolate@2@PBDW4NewStringType@12@H@Z 1001311c     iojs:node.dll
 0002:00000120       __imp_??0Utf8Value@String@v8@@QAE@V?$Local@VValue@v8@@@2@@Z 10013120     iojs:node.dll
 0002:00000124       __imp_??1Utf8Value@String@v8@@QAE@XZ 10013124     iojs:node.dll
 0002:00000128       __imp_?New@FunctionTemplate@v8@@SA?AV?$Local@VFunctionTemplate@v8@@@2@PAVIsolate@2@P6AXABV?$FunctionCallbackInfo@VValue@v8@@@2@@ZV?$Local@VValue@v8@@@2@V?$Local@VSignature@v8@@@2@HW4ConstructorBehavior@2@@Z 10013128     iojs:node.dll
 0002:0000012c       __imp_?GetFunction@FunctionTemplate@v8@@QAE?AV?$Local@VFunction@v8@@@2@XZ 1001312c     iojs:node.dll
 0002:00000130       __imp_?TypeError@Exception@v8@@SA?AV?$Local@VValue@v8@@@2@V?$Local@VString@v8@@@2@@Z 10013130     iojs:node.dll
 0002:00000134       __imp_??0HandleScope@v8@@QAE@PAVIsolate@1@@Z 10013134     iojs:node.dll
 0002:00000138       __imp_??1HandleScope@v8@@QAE@XZ 10013138     iojs:node.dll
 0002:0000013c       __imp_?GetCurrent@Isolate@v8@@SAPAV12@XZ 1001313c     iojs:node.dll
 0002:00000140       __imp_?ThrowException@Isolate@v8@@QAE?AV?$Local@VValue@v8@@@2@V32@@Z 10013140     iojs:node.dll
 0002:00000144       \177node_NULL_THUNK_DATA   10013144     iojs:node.dll
 0002:00000148       ___guard_check_icall_fptr  10013148     LIBCMT:guard_support.obj
 0002:0000014c       ___xc_a                    1001314c     LIBCMT:initializers.obj
 0002:00000150       __register_nxmi_           10013150     nxmi.obj
 0002:00000154       ___xc_z                    10013154     LIBCMT:initializers.obj
 0002:00000158       ___xi_a                    10013158     LIBCMT:initializers.obj
 0002:0000015c       ___acrt_stdio_initializer  1001315c     libucrt:stdio_initializer.obj
 0002:00000160       ___acrt_multibyte_initializer 10013160     libucrt:multibyte_initializer.obj
 0002:00000164       ___acrt_tran_sse2_initializer 10013164     libucrt:sse2_initializer.obj
 0002:00000168       ___xi_z                    10013168     LIBCMT:initializers.obj
 0002:0000016c       ___xp_a                    1001316c     LIBCMT:initializers.obj
 0002:00000170       ___acrt_locale_terminator  10013170     libucrt:locale_initializer.obj
 0002:00000174       ___dcrt_console_output_terminator 10013174     libucrt:console_output_initializer.obj
 0002:00000178       ___acrt_stdio_terminator   10013178     libucrt:stdio_initializer.obj
 0002:0000017c       ___xp_z                    1001317c     LIBCMT:initializers.obj
 0002:00000180       ___xt_a                    10013180     LIBCMT:initializers.obj
 0002:00000184       ___xt_z                    10013184     LIBCMT:initializers.obj
 0002:00000194       ??_7exception@std@@6B@     10013194     libcpmt:xthrow.obj
 0002:0000019c       ??_C@_0BC@EOODALEL@Unknown?5exception@ 1001319c     libcpmt:xthrow.obj
 0002:000001b4       ??_7bad_alloc@std@@6B@     100131b4     libcpmt:xthrow.obj
 0002:000001bc       ??_C@_0P@GHFPNOJB@bad?5allocation@ 100131bc     libcpmt:xthrow.obj
 0002:000001d0       ??_7logic_error@std@@6B@   100131d0     libcpmt:xthrow.obj
 0002:000001dc       ??_7length_error@std@@6B@  100131dc     libcpmt:xthrow.obj
 0002:000001e8       ??_7type_info@@6B@         100131e8     LIBCMT:std_type_info_static.obj
 0002:000001ec       __pDefaultRawDllMain       100131ec     LIBCMT:dll_dllmain.obj
 0002:000001ec       __pRawDllMain              100131ec     LIBCMT:dll_dllmain.obj
 0002:000001fc       ??_7bad_array_new_length@std@@6B@ 100131fc     LIBCMT:throw_bad_alloc.obj
 0002:00000204       ??_C@_0BF@KINCDENJ@bad?5array?5new?5length@ 10013204     LIBCMT:throw_bad_alloc.obj
 0002:000003dc       ??_C@_08EHJDFFNH@__based?$CI@ 100133dc     libvcruntime:undname.obj
 0002:000003e8       ??_C@_07KOLFKCDI@__cdecl@  100133e8     libvcruntime:undname.obj
 0002:000003f0       ??_C@_08GHMPAG@__pascal@   100133f0     libvcruntime:undname.obj
 0002:000003fc       ??_C@_09IFJBGAPI@__stdcall@ 100133fc     libvcruntime:undname.obj
 0002:00000408       ??_C@_0L@NPHFGOKO@__thiscall@ 10013408     libvcruntime:undname.obj
 0002:00000414       ??_C@_0L@JMKHOMEK@__fastcall@ 10013414     libvcruntime:undname.obj
 0002:00000420       ??_C@_0N@BCKKPABJ@__vectorcall@ 10013420     libvcruntime:undname.obj
 0002:00000430       ??_C@_09HIJEGCPM@__clrcall@ 10013430     libvcruntime:undname.obj
 0002:0000043c       ??_C@_06GHPCKEAG@__eabi@   1001343c     libvcruntime:undname.obj
 0002:00000444       ??_C@_09IOPIDJLG@__swift_1@ 10013444     libvcruntime:undname.obj
 0002:00000450       ??_C@_09KFNFGKHF@__swift_2@ 10013450     libvcruntime:undname.obj
 0002:0000045c       ??_C@_07JOMMBBKO@__ptr64@  1001345c     libvcruntime:undname.obj
 0002:00000464       ??_C@_0L@PILCLIHE@__restrict@ 10013464     libvcruntime:undname.obj
 0002:00000470       ??_C@_0M@GFIIJFMG@__unaligned@ 10013470     libvcruntime:undname.obj
 0002:0000047c       ??_C@_09DHDLOLLB@restrict?$CI@ 1001347c     libvcruntime:undname.obj
 0002:00000486       ??_C@_00CNPNBAHC@@         10013486     libvcruntime:undname.obj
 0002:00000488       ??_C@_04NIHEBCM@?5new@     10013488     libvcruntime:undname.obj
 0002:00000490       ??_C@_07FPCDHGMM@?5delete@ 10013490     libvcruntime:undname.obj
 0002:00000498       ??_C@_01NEMOKFLO@?$DN@     10013498     libvcruntime:undname.obj
 0002:0000049c       ??_C@_02GPIOPFAK@?$DO?$DO@ 1001349c     libvcruntime:undname.obj
 0002:000004a0       ??_C@_02FODMEDOG@?$DM?$DM@ 100134a0     libvcruntime:undname.obj
 0002:000004a4       ??_C@_01DCLJPIOD@?$CB@     100134a4     libvcruntime:undname.obj
 0002:000004a8       ??_C@_02EGOFBIJA@?$DN?$DN@ 100134a8     libvcruntime:undname.obj
 0002:000004ac       ??_C@_02FDNJECIE@?$CB?$DN@ 100134ac     libvcruntime:undname.obj
 0002:000004b0       ??_C@_02GPECMEKF@?$FL?$FN@ 100134b0     libvcruntime:undname.obj
 0002:000004b4       ??_C@_08LHJFAFGD@operator@ 100134b4     libvcruntime:undname.obj
 0002:000004c0       ??_C@_02HBOOOICD@?9?$DO@   100134c0     libvcruntime:undname.obj
 0002:000004c4       ??_C@_01NBENCBCI@?$CK@     100134c4     libvcruntime:undname.obj
 0002:000004c8       ??_C@_02ECNGHCIF@?$CL?$CL@ 100134c8     libvcruntime:undname.obj
 0002:000004cc       ??_C@_02BAABKJLB@?9?9@     100134cc     libvcruntime:undname.obj
 0002:000004d0       ??_C@_01JOAMLHOP@?9@       100134d0     libvcruntime:undname.obj
 0002:000004d4       ??_C@_01MIFGBAGJ@?$CL@     100134d4     libvcruntime:undname.obj
 0002:000004d8       ??_C@_01HNPIGOCE@?$CG@     100134d8     libvcruntime:undname.obj
 0002:000004dc       ??_C@_03MNHNFDLC@?9?$DO?$CK@ 100134dc     libvcruntime:undname.obj
 0002:000004e0       ??_C@_01KMDKNFGN@?1@       100134e0     libvcruntime:undname.obj
 0002:000004e4       ??_C@_01FGNFDNOH@?$CF@     100134e4     libvcruntime:undname.obj
 0002:000004e8       ??_C@_01MNNFJEPP@?$DM@     100134e8     libvcruntime:undname.obj
 0002:000004ec       ??_C@_02EHCHHCKH@?$DM?$DN@ 100134ec     libvcruntime:undname.obj
 0002:000004f0       ??_C@_01PPODPGHN@?$DO@     100134f0     libvcruntime:undname.obj
 0002:000004f4       ??_C@_02EEKDKGMJ@?$DO?$DN@ 100134f4     libvcruntime:undname.obj
 0002:000004f8       ??_C@_02HCKGKOFO@?$CI?$CJ@ 100134f8     libvcruntime:undname.obj
 0002:000004fc       ??_C@_01PJKLJHI@?$HO@      100134fc     libvcruntime:undname.obj
 0002:00000500       ??_C@_01JKBOJNNK@?$FO@     10013500     libvcruntime:undname.obj
 0002:00000504       ??_C@_01DNKMNLPK@?$HM@     10013504     libvcruntime:undname.obj
 0002:00000508       ??_C@_02PPKAJPJL@?$CG?$CG@ 10013508     libvcruntime:undname.obj
 0002:0000050c       ??_C@_02NONPIBCD@?$HM?$HM@ 1001350c     libvcruntime:undname.obj
 0002:00000510       ??_C@_02FPIMKNGF@?$CK?$DN@ 10013510     libvcruntime:undname.obj
 0002:00000514       ??_C@_02FOEOMHFC@?$CL?$DN@ 10013514     libvcruntime:undname.obj
 0002:00000518       ??_C@_02FKMDLLOA@?9?$DN@   10013518     libvcruntime:undname.obj
 0002:0000051c       ??_C@_02FJEHGPIO@?1?$DN@   1001351c     libvcruntime:undname.obj
 0002:00000520       ??_C@_02FENAOKFI@?$CF?$DN@ 10013520     libvcruntime:undname.obj
 0002:00000524       ??_C@_03IKFCCPFF@?$DO?$DO?$DN@ 10013524     libvcruntime:undname.obj
 0002:00000528       ??_C@_03CDNPDDLA@?$DM?$DM?$DN@ 10013528     libvcruntime:undname.obj
 0002:0000052c       ??_C@_02FGJGFEAB@?$CG?$DN@ 1001352c     libvcruntime:undname.obj
 0002:00000530       ??_C@_02DHLNPPGH@?$HM?$DN@ 10013530     libvcruntime:undname.obj
 0002:00000534       ??_C@_02MHEGNOJ@?$FO?$DN@  10013534     libvcruntime:undname.obj
 0002:00000538       ??_C@_09IFPLHPGF@?$GAvftable?8@ 10013538     libvcruntime:undname.obj
 0002:00000544       ??_C@_09BLBHBJP@?$GAvbtable?8@ 10013544     libvcruntime:undname.obj
 0002:00000550       ??_C@_07FEEIOKP@?$GAvcall?8@ 10013550     libvcruntime:undname.obj
 0002:00000558       ??_C@_08LLFFHHDJ@?$GAtypeof?8@ 10013558     libvcruntime:undname.obj
 0002:00000564       ??_C@_0BF@KDPPACIK@?$GAlocal?5static?5guard?8@ 10013564     libvcruntime:undname.obj
 0002:0000057c       ??_C@_08OBABFOLI@?$GAstring?8@ 1001357c     libvcruntime:undname.obj
 0002:00000588       ??_C@_0BD@JDLKDPAB@?$GAvbase?5destructor?8@ 10013588     libvcruntime:undname.obj
 0002:0000059c       ??_C@_0BN@DEGPLNFK@?$GAvector?5deleting?5destructor?8@ 1001359c     libvcruntime:undname.obj
 0002:000005bc       ??_C@_0BO@OBMKPJIG@?$GAdefault?5constructor?5closure?8@ 100135bc     libvcruntime:undname.obj
 0002:000005dc       ??_C@_0BN@IMDCHIKM@?$GAscalar?5deleting?5destructor?8@ 100135dc     libvcruntime:undname.obj
 0002:000005fc       ??_C@_0BO@PFGOCPJJ@?$GAvector?5constructor?5iterator?8@ 100135fc     libvcruntime:undname.obj
 0002:0000061c       ??_C@_0BN@LFPFMEDL@?$GAvector?5destructor?5iterator?8@ 1001361c     libvcruntime:undname.obj
 0002:0000063c       ??_C@_0CE@IKBNEHA@?$GAvector?5vbase?5constructor?5itera@ 1001363c     libvcruntime:undname.obj
 0002:00000660       ??_C@_0BL@NILFHHPC@?$GAvirtual?5displacement?5map?8@ 10013660     libvcruntime:undname.obj
 0002:0000067c       ??_C@_0CB@JONCMFFK@?$GAeh?5vector?5constructor?5iterator@ 1001367c     libvcruntime:undname.obj
 0002:000006a0       ??_C@_0CA@GCEOPDGL@?$GAeh?5vector?5destructor?5iterator?8@ 100136a0     libvcruntime:undname.obj
 0002:000006c0       ??_C@_0CH@OOJPLCPH@?$GAeh?5vector?5vbase?5constructor?5it@ 100136c0     libvcruntime:undname.obj
 0002:000006e8       ??_C@_0BL@LLKPOHJI@?$GAcopy?5constructor?5closure?8@ 100136e8     libvcruntime:undname.obj
 0002:00000704       ??_C@_0BA@KBCDOMBN@?$GAudt?5returning?8@ 10013704     libvcruntime:undname.obj
 0002:00000714       ??_C@_03KLGMFNMG@?$GAEH@   10013714     libvcruntime:undname.obj
 0002:00000718       ??_C@_05KHLCHHI@?$GARTTI@  10013718     libvcruntime:undname.obj
 0002:00000720       ??_C@_0BA@KKLDJDLB@?$GAlocal?5vftable?8@ 10013720     libvcruntime:undname.obj
 0002:00000730       ??_C@_0CE@IIHCMGGL@?$GAlocal?5vftable?5constructor?5clos@ 10013730     libvcruntime:undname.obj
 0002:00000754       ??_C@_06FHBGPFGH@?5new?$FL?$FN@ 10013754     libvcruntime:undname.obj
 0002:0000075c       ??_C@_09LBNFPBCA@?5delete?$FL?$FN@ 1001375c     libvcruntime:undname.obj
 0002:00000768       ??_C@_0P@HJKNJFNN@?$GAomni?5callsig?8@ 10013768     libvcruntime:undname.obj
 0002:00000778       ??_C@_0BL@CNOONJFP@?$GAplacement?5delete?5closure?8@ 10013778     libvcruntime:undname.obj
 0002:00000794       ??_C@_0BN@CKNJLHMB@?$GAplacement?5delete?$FL?$FN?5closure?8@ 10013794     libvcruntime:undname.obj
 0002:000007b4       ??_C@_0CG@CFDHKGGD@?$GAmanaged?5vector?5constructor?5ite@ 100137b4     libvcruntime:undname.obj
 0002:000007dc       ??_C@_0CF@IMGKMJNO@?$GAmanaged?5vector?5destructor?5iter@ 100137dc     libvcruntime:undname.obj
 0002:00000804       ??_C@_0CG@HLDDJMAG@?$GAeh?5vector?5copy?5constructor?5ite@ 10013804     libvcruntime:undname.obj
 0002:0000082c       ??_C@_0CM@FCBBDIGB@?$GAeh?5vector?5vbase?5copy?5construct@ 1001382c     libvcruntime:undname.obj
 0002:00000858       ??_C@_0BL@CLIPGLGB@?$GAdynamic?5initializer?5for?5?8@ 10013858     libvcruntime:undname.obj
 0002:00000874       ??_C@_0CB@PDBIFEP@?$GAdynamic?5atexit?5destructor?5for?5@ 10013874     libvcruntime:undname.obj
 0002:00000898       ??_C@_0CD@CGAJBKEJ@?$GAvector?5copy?5constructor?5iterat@ 10013898     libvcruntime:undname.obj
 0002:000008bc       ??_C@_0CJ@GJELGAMM@?$GAvector?5vbase?5copy?5constructor?5@ 100138bc     libvcruntime:undname.obj
 0002:000008e8       ??_C@_0CL@FGIJHLCE@?$GAmanaged?5vector?5copy?5constructo@ 100138e8     libvcruntime:undname.obj
 0002:00000914       ??_C@_0BM@PMGGMLDN@?$GAlocal?5static?5thread?5guard?8@ 10013914     libvcruntime:undname.obj
 0002:00000930       ??_C@_0N@BDNMDMOL@operator?5?$CC?$CC?5@ 10013930     libvcruntime:undname.obj
 0002:00000940       ??_C@_0BC@GGEBGALA@operator?5co_await@ 10013940     libvcruntime:undname.obj
 0002:00000954       ??_C@_0BC@DAFEJGAK@?5Type?5Descriptor?8@ 10013954     libvcruntime:undname.obj
 0002:00000968       ??_C@_0BM@LDKODKLH@?5Base?5Class?5Descriptor?5at?5?$CI@ 10013968     libvcruntime:undname.obj
 0002:00000984       ??_C@_0BD@LGICGFMM@?5Base?5Class?5Array?8@ 10013984     libvcruntime:undname.obj
 0002:00000998       ??_C@_0BN@MECKDCOJ@?5Class?5Hierarchy?5Descriptor?8@ 10013998     libvcruntime:undname.obj
 0002:000009b8       ??_C@_0BK@CFCOFLF@?5Complete?5Object?5Locator?8@ 100139b8     libvcruntime:undname.obj
 0002:000009e0       ??_C@_1DM@KHCHBNEB@?$AAa?$AAp?$AAi?$AA?9?$AAm?$AAs?$AA?9?$AAw?$AAi?$AAn?$AA?9?$AAc?$AAo?$AAr?$AAe@ 100139e0     libvcruntime:winapi_downlevel.obj
 0002:00000a1c       ??_C@_1DK@LPPGFMPP@?$AAa?$AAp?$AAi?$AA?9?$AAm?$AAs?$AA?9?$AAw?$AAi?$AAn?$AA?9?$AAc?$AAo?$AAr?$AAe@ 10013a1c     libvcruntime:winapi_downlevel.obj
 0002:00000a58       ??_C@_1BC@GDMECMAK@?$AAk?$AAe?$AAr?$AAn?$AAe?$AAl?$AA3?$AA2@ 10013a58     libvcruntime:winapi_downlevel.obj
 0002:00000a6c       ??_C@_1BA@PFFKHIOG@?$AAa?$AAp?$AAi?$AA?9?$AAm?$AAs?$AA?9@ 10013a6c     libvcruntime:winapi_downlevel.obj
 0002:00000a7c       ??_C@_1BA@IAIFMGEF@?$AAe?$AAx?$AAt?$AA?9?$AAm?$AAs?$AA?9@ 10013a7c     libvcruntime:winapi_downlevel.obj
 0002:00000a94       ??_C@_08KNHFBNJ@FlsAlloc@  10013a94     libvcruntime:winapi_downlevel.obj
 0002:00000aa8       ??_C@_07PEJMOBNF@FlsFree@  10013aa8     libvcruntime:winapi_downlevel.obj
 0002:00000ab8       ??_C@_0M@GDNOONDI@FlsGetValue@ 10013ab8     libvcruntime:winapi_downlevel.obj
 0002:00000acc       ??_C@_0M@JCPCPOEF@FlsSetValue@ 10013acc     libvcruntime:winapi_downlevel.obj
 0002:00000ae0       ??_C@_0BM@HCFOFFN@InitializeCriticalSectionEx@ 10013ae0     libvcruntime:winapi_downlevel.obj
 0002:00000b00       ??_7bad_exception@std@@6B@ 10013b00     libvcruntime:frame.obj
 0002:00000b08       ??_C@_0O@DPKOEFFH@bad?5exception@ 10013b08     libvcruntime:frame.obj
 0002:00000b18       __pDestructExceptionObject 10013b18     libvcruntime:ehhelpers.obj
 0002:00000b20       _standard_lookup_table     10013b20     libucrt:output.obj
 0002:00000b7c       ??_C@_1O@CEDCILHN@?$AA?$CI?$AAn?$AAu?$AAl?$AAl?$AA?$CJ?$AA?$AA@ 10013b7c     libucrt:output.obj
 0002:00000b8c       ??_C@_06OJHGLDPL@?$CInull?$CJ?$AA@ 10013b8c     libucrt:output.obj
 0002:00000b98       ___acrt_exception_action_table 10013b98     libucrt:exception_filter.obj
 0002:00000c28       ___acrt_signal_action_table_count 10013c28     libucrt:exception_filter.obj
 0002:00000c2c       ___acrt_signal_action_first_fpe_index 10013c2c     libucrt:exception_filter.obj
 0002:00000c30       ___acrt_signal_action_fpe_count 10013c30     libucrt:exception_filter.obj
 0002:00000c34       ??_C@_1BI@BGOHAHKC@?$AAm?$AAs?$AAc?$AAo?$AAr?$AAe?$AAe?$AA?4?$AAd?$AAl?$AAl?$AA?$AA@ 10013c34     libucrt:exit.obj
 0002:00000c4c       ??_C@_0P@MIGLKIOC@CorExitProcess?$AA@ 10013c4c     libucrt:exit.obj
 0002:00000e90       ??_C@_1EA@JGEFHKEI@?$AAa?$AAp?$AAi?$AA?9?$AAm?$AAs?$AA?9?$AAw?$AAi?$AAn?$AA?9?$AAc?$AAo?$AAr?$AAe?$AA?9?$AAd?$AAa?$AAt?$AAe?$AAt?$AAi?$AAm?$AAe?$AA?9?$AAl?$AA1?$AA?9?$AA1?$AA?9?$AA1?$AA?$AA@ 10013e90     libucrt:winapi_thunks.obj
 0002:00000ed0       ??_C@_1DM@KHCHBNEB@?$AAa?$AAp?$AAi?$AA?9?$AAm?$AAs?$AA?9?$AAw?$AAi?$AAn?$AA?9?$AAc?$AAo?$AAr?$AAe?$AA?9?$AAf?$AAi?$AAb?$AAe?$AAr?$AAs?$AA?9?$AAl?$AA1?$AA?9?$AA1?$AA?9?$AA1?$AA?$AA@ 10013ed0     libucrt:winapi_thunks.obj
 0002:00000f0c       ??_C@_1DI@IJCEHOCB@?$AAa?$AAp?$AAi?$AA?9?$AAm?$AAs?$AA?9?$AAw?$AAi?$AAn?$AA?9?$AAc?$AAo?$AAr?$AAe?$AA?9?$AAf?$AAi?$AAl?$AAe?$AA?9?$AAl?$AA1?$AA?9?$AA2?$AA?9?$AA2?$AA?$AA@ 10013f0c     libucrt:winapi_thunks.obj
 0002:00000f48       ??_C@_1EI@MPIAOHOC@?$AAa?$AAp?$AAi?$AA?9?$AAm?$AAs?$AA?9?$AAw?$AAi?$AAn?$AA?9?$AAc?$AAo?$AAr?$AAe?$AA?9?$AAl?$AAo?$AAc?$AAa?$AAl?$AAi?$AAz?$AAa?$AAt?$AAi?$AAo?$AAn?$AA?9?$AAl?$AA1?$AA?9@ 10013f48     libucrt:winapi_thunks.obj
 0002:00000f90       ??_C@_1FK@FPHCKFIE@?$AAa?$AAp?$AAi?$AA?9?$AAm?$AAs?$AA?9?$AAw?$AAi?$AAn?$AA?9?$AAc?$AAo?$AAr?$AAe?$AA?9?$AAl?$AAo?$AAc?$AAa?$AAl?$AAi?$AAz?$AAa?$AAt?$AAi?$AAo?$AAn?$AA?9?$AAo?$AAb?$AAs@ 10013f90     libucrt:winapi_thunks.obj
 0002:00000ff0       ??_C@_1EM@DILCGIIO@?$AAa?$AAp?$AAi?$AA?9?$AAm?$AAs?$AA?9?$AAw?$AAi?$AAn?$AA?9?$AAc?$AAo?$AAr?$AAe?$AA?9?$AAp?$AAr?$AAo?$AAc?$AAe?$AAs?$AAs?$AAt?$AAh?$AAr?$AAe?$AAa?$AAd?$AAs?$AA?9?$AAl@ 10013ff0     libucrt:winapi_thunks.obj
 0002:0000103c       ??_C@_1DM@LNCGDDPN@?$AAa?$AAp?$AAi?$AA?9?$AAm?$AAs?$AA?9?$AAw?$AAi?$AAn?$AA?9?$AAc?$AAo?$AAr?$AAe?$AA?9?$AAs?$AAt?$AAr?$AAi?$AAn?$AAg?$AA?9?$AAl?$AA1?$AA?9?$AA1?$AA?9?$AA0?$AA?$AA@ 1001403c     libucrt:winapi_thunks.obj
 0002:00001078       ??_C@_1DK@LPPGFMPP@?$AAa?$AAp?$AAi?$AA?9?$AAm?$AAs?$AA?9?$AAw?$AAi?$AAn?$AA?9?$AAc?$AAo?$AAr?$AAe?$AA?9?$AAs?$AAy?$AAn?$AAc?$AAh?$AA?9?$AAl?$AA1?$AA?9?$AA2?$AA?9?$AA0?$AA?$AA@ 10014078     libucrt:winapi_thunks.obj
 0002:000010b4       ??_C@_1DO@FPAPJEMD@?$AAa?$AAp?$AAi?$AA?9?$AAm?$AAs?$AA?9?$AAw?$AAi?$AAn?$AA?9?$AAc?$AAo?$AAr?$AAe?$AA?9?$AAs?$AAy?$AAs?$AAi?$AAn?$AAf?$AAo?$AA?9?$AAl?$AA1?$AA?9?$AA2?$AA?9?$AA1?$AA?$AA@ 100140b4     libucrt:winapi_thunks.obj
 0002:000010f4       ??_C@_1DK@NDHNAHIO@?$AAa?$AAp?$AAi?$AA?9?$AAm?$AAs?$AA?9?$AAw?$AAi?$AAn?$AA?9?$AAc?$AAo?$AAr?$AAe?$AA?9?$AAw?$AAi?$AAn?$AAr?$AAt?$AA?9?$AAl?$AA1?$AA?9?$AA1?$AA?9?$AA0?$AA?$AA@ 100140f4     libucrt:winapi_thunks.obj
 0002:00001130       ??_C@_1DM@KGHDGBCM@?$AAa?$AAp?$AAi?$AA?9?$AAm?$AAs?$AA?9?$AAw?$AAi?$AAn?$AA?9?$AAc?$AAo?$AAr?$AAe?$AA?9?$AAx?$AAs?$AAt?$AAa?$AAt?$AAe?$AA?9?$AAl?$AA2?$AA?9?$AA1?$AA?9?$AA0?$AA?$AA@ 10014130     libucrt:winapi_thunks.obj
 0002:00001170       ??_C@_1EO@IJIOEFOH@?$AAa?$AAp?$AAi?$AA?9?$AAm?$AAs?$AA?9?$AAw?$AAi?$AAn?$AA?9?$AAr?$AAt?$AAc?$AAo?$AAr?$AAe?$AA?9?$AAn?$AAt?$AAu?$AAs?$AAe?$AAr?$AA?9?$AAw?$AAi?$AAn?$AAd?$AAo?$AAw?$AA?9@ 10014170     libucrt:winapi_thunks.obj
 0002:000011c0       ??_C@_1FG@HHGEKANL@?$AAa?$AAp?$AAi?$AA?9?$AAm?$AAs?$AA?9?$AAw?$AAi?$AAn?$AA?9?$AAs?$AAe?$AAc?$AAu?$AAr?$AAi?$AAt?$AAy?$AA?9?$AAs?$AAy?$AAs?$AAt?$AAe?$AAm?$AAf?$AAu?$AAn?$AAc?$AAt?$AAi@ 100141c0     libucrt:winapi_thunks.obj
 0002:00001218       ??_C@_1EG@DBIOJECG@?$AAe?$AAx?$AAt?$AA?9?$AAm?$AAs?$AA?9?$AAw?$AAi?$AAn?$AA?9?$AAn?$AAt?$AAu?$AAs?$AAe?$AAr?$AA?9?$AAd?$AAi?$AAa?$AAl?$AAo?$AAg?$AAb?$AAo?$AAx?$AA?9?$AAl?$AA1?$AA?9?$AA1@ 10014218     libucrt:winapi_thunks.obj
 0002:00001260       ??_C@_1EO@FIHMJCLF@?$AAe?$AAx?$AAt?$AA?9?$AAm?$AAs?$AA?9?$AAw?$AAi?$AAn?$AA?9?$AAn?$AAt?$AAu?$AAs?$AAe?$AAr?$AA?9?$AAw?$AAi?$AAn?$AAd?$AAo?$AAw?$AAs?$AAt?$AAa?$AAt?$AAi?$AAo?$AAn?$AA?9@ 10014260     libucrt:winapi_thunks.obj
 0002:000012b0       ??_C@_1BC@DNHGCMLG@?$AAa?$AAd?$AAv?$AAa?$AAp?$AAi?$AA3?$AA2?$AA?$AA@ 100142b0     libucrt:winapi_thunks.obj
 0002:000012c4       ??_C@_1BC@GDMECMAK@?$AAk?$AAe?$AAr?$AAn?$AAe?$AAl?$AA3?$AA2?$AA?$AA@ 100142c4     libucrt:winapi_thunks.obj
 0002:000012d8       ??_C@_1M@OAIMIKLP@?$AAn?$AAt?$AAd?$AAl?$AAl?$AA?$AA@ 100142d8     libucrt:winapi_thunks.obj
 0002:000012e8       ??_C@_1EG@DPGNFKGC@?$AAa?$AAp?$AAi?$AA?9?$AAm?$AAs?$AA?9?$AAw?$AAi?$AAn?$AA?9?$AAa?$AAp?$AAp?$AAm?$AAo?$AAd?$AAe?$AAl?$AA?9?$AAr?$AAu?$AAn?$AAt?$AAi?$AAm?$AAe?$AA?9?$AAl?$AA1?$AA?9?$AA1@ 100142e8     libucrt:winapi_thunks.obj
 0002:00001330       ??_C@_1O@BCCLBEOE@?$AAu?$AAs?$AAe?$AAr?$AA3?$AA2?$AA?$AA@ 10014330     libucrt:winapi_thunks.obj
[...]
 0002:00000aa0       ?candidate_modules@?1??try_get_FlsFree@@YAP6GHK@ZXZ@4QBW4module_id@?A0x03f7da57@@B 10013aa0     libvcruntime:winapi_downlevel.obj
 0002:00000ab0       ?candidate_modules@?1??try_get_FlsGetValue@@YAP6GPAXK@ZXZ@4QBW4module_id@?A0x03f7da57@@B 10013ab0     libvcruntime:winapi_downlevel.obj
 0002:00000ac4       ?candidate_modules@?1??try_get_FlsSetValue@@YAP6GHKPAX@ZXZ@4QBW4module_id@?A0x03f7da57@@B 10013ac4     libvcruntime:winapi_downlevel.obj
 0002:00000ad8       ?candidate_modules@?1??try_get_InitializeCriticalSectionEx@@YAP6GHPAU_RTL_CRITICAL_SECTION@@KK@ZXZ@4QBW4module_id@?A0x03f7da57@@B 10013ad8     libvcruntime:winapi_downlevel.obj
 0002:00000c60       ___acrt_initializers       10013c60     libucrt:initialization.obj
 0002:00000ce0       ?errtable@@3QBUerrentry@?A0x31fdb9ec@@B 10013ce0     libucrt:errno.obj
 0002:00000e40       ?module_names@?A0x391cf84c@@3QBQB_WB 10013e40     libucrt:winapi_thunks.obj
 0002:00001360       ?candidate_modules@?1??try_get_FlsAlloc@@YAP6GKP6GXPAX@Z@ZXZ@4QBW4module_id@?A0x391cf84c@@B 10014360     libucrt:winapi_thunks.obj
 0002:00001374       ?candidate_modules@?1??try_get_FlsFree@@YAP6GHK@ZXZ@4QBW4module_id@?A0x391cf84c@@B 10014374     libucrt:winapi_thunks.obj
 0002:00001384       ?candidate_modules@?1??try_get_FlsGetValue@@YAP6GPAXK@ZXZ@4QBW4module_id@?A0x391cf84c@@B 10014384     libucrt:winapi_thunks.obj
 0002:00001398       ?candidate_modules@?1??try_get_FlsSetValue@@YAP6GHKPAX@ZXZ@4QBW4module_id@?A0x391cf84c@@B 10014398     libucrt:winapi_thunks.obj
 0002:000013ac       ?candidate_modules@?1??try_get_InitializeCriticalSectionEx@@YAP6GHPAU_RTL_CRITICAL_SECTION@@KK@ZXZ@4QBW4module_id@?A0x391cf84c@@B 100143ac     libucrt:winapi_thunks.obj
 0002:000013d0       ?candidate_modules@?1??try_get_LCMapStringEx@@YAP6GHPB_WK0HPA_WHPAU_nlsversioninfo@@PAXJ@ZXZ@4QBW4module_id@?A0x391cf84c@@B 100143d0     libucrt:winapi_thunks.obj
 0002:000013e8       ?candidate_modules@?1??try_get_LocaleNameToLCID@@YAP6GKPB_WK@ZXZ@4QBW4module_id@?A0x391cf84c@@B 100143e8     libucrt:winapi_thunks.obj
 0002:00001404       ?candidate_modules@?1??try_get_AppPolicyGetProcessTerminationMethod@@YAP6GJPAXPAW4AppPolicyProcessTerminationMethod@@@ZXZ@4QBW4module_id@?A0x391cf84c@@B 10014404     libucrt:winapi_thunks.obj
 0002:00001938       ?_mb_locale_names@@3QBQB_WB 10014938     libucrt:mbctype.obj
 0002:00001f78       ?LcidToLocaleNameTable@?A0x881e4c05@@3QBULcidToLocaleName@1@B 10014f78     libucrt:lcidtoname_downlevel.obj
 0002:000030a0       ?LocaleNameToIndexTable@?A0x881e4c05@@3QBULocaleNameIndex@1@B 100160a0     libucrt:lcidtoname_downlevel.obj
 0002:000049e0       LOG_name                   100179e0     libucrt:log10_impl.obj
 0002:000049f0       _One                       100179f0     libucrt:ceil_pentium4.obj
 0002:00004a00       _Bns                       10017a00     libucrt:ceil_pentium4.obj
 0002:00004a10       _Zero                      10017a10     libucrt:ceil_pentium4.obj
 0002:00004a20       _S                         10017a20     libucrt:ceil_pentium4.obj
 0002:00004a30       _NegZero                   10017a30     libucrt:ceil_pentium4.obj
 0002:00004a50       emask                      10017a50     libucrt:log10_pentium4.obj
 0002:00004a60       CC                         10017a60     libucrt:log10_pentium4.obj
 0002:00004a70       Magic                      10017a70     libucrt:log10_pentium4.obj
 0002:00004a80       hi_mask                    10017a80     libucrt:log10_pentium4.obj
 0002:00004a90       LOG10_2                    10017a90     libucrt:log10_pentium4.obj
 0002:00004aa0       place_L                    10017aa0     libucrt:log10_pentium4.obj
 0002:00004ac0       One                        10017ac0     libucrt:log10_pentium4.obj
 0002:00004ad0       Zero                       10017ad0     libucrt:log10_pentium4.obj
 0002:00004ae0       Two52                      10017ae0     libucrt:log10_pentium4.obj
 0002:00004af0       Infs                       10017af0     libucrt:log10_pentium4.obj
 0002:00004b00       NaN                        10017b00     libucrt:log10_pentium4.obj
 0002:00004b10       coeff                      10017b10     libucrt:log10_pentium4.obj
 0002:00004b6e       _log2max                   10017b6e     libucrt:87tran.obj
 0002:00004b78       _smallarg                  10017b78     libucrt:87tran.obj
 0002:00004b82       _half                      10017b82     libucrt:87tran.obj
 0002:00004bce       One                        10017bce     libucrt:87disp.obj
 0002:00004bd6       Three                      10017bd6     libucrt:87disp.obj
 0002:00004bde       XAMtoTagTab                10017bde     libucrt:87disp.obj
 0002:00004bf0       One                        10017bf0     libucrt:common.obj
 0002:00004c04       DblMax                     10017c04     libucrt:common.obj
 0002:00004c0c       DblMin                     10017c0c     libucrt:common.obj
 0002:00004c14       IeeeAdjO                   10017c14     libucrt:common.obj
 0002:00004c1c       IeeeAdjU                   10017c1c     libucrt:common.obj
 0002:00004c24       _infinity                  10017c24     libucrt:common.obj
 0002:00004c2c       _zero                      10017c2c     libucrt:common.obj
 0002:00004c68       _over                      10017c68     libucrt:fpctrl.obj
 0002:00004c74       _under                     10017c74     libucrt:fpctrl.obj
 0002:000054a8       ?_names@?1??_get_fname@@9@9 100184a8     libucrt:fpexcept.obj
 0002:00005d98       __catchsym$?Invoke@nxmi@@YAXABV?$FunctionCallbackInfo@VValue@v8@@@v8@@@Z$2 10018d98     nxmi.obj
 0002:00005da8       __unwindtable$?Invoke@nxmi@@YAXABV?$FunctionCallbackInfo@VValue@v8@@@v8@@@Z 10018da8     nxmi.obj
 0002:00005db8       __tryblocktable$?Invoke@nxmi@@YAXABV?$FunctionCallbackInfo@VValue@v8@@@v8@@@Z 10018db8     nxmi.obj
 0002:00005dcc       __ehfuncinfo$?Invoke@nxmi@@YAXABV?$FunctionCallbackInfo@VValue@v8@@@v8@@@Z 10018dcc     nxmi.obj
 0002:00005ea0       __sehtable$?dllmain_crt_process_attach@@YAHQAUHINSTANCE__@@QAX@Z 10018ea0     LIBCMT:dll_dllmain.obj
 0002:00005ec0       __sehtable$?dllmain_crt_process_detach@@YAH_N@Z 10018ec0     LIBCMT:dll_dllmain.obj
 0002:00005ee0       __sehtable$?dllmain_dispatch@@YAHQAUHINSTANCE__@@KQAX@Z 10018ee0     LIBCMT:dll_dllmain.obj
 0002:00005f38       __sehtable$___scrt_is_nonwritable_in_current_image 10018f38     LIBCMT:utility.obj
 0002:00005f58       __sehtable$?FrameUnwindToState@__FrameHandler3@@SAXPAUEHRegistrationNode@@PAXPBU_s_FuncInfo@@H@Z 10018f58     libvcruntime:frame.obj
 0002:00005f80       __sehtable$?CallCatchBlock@@YAPAXPAUEHExceptionRecord@@PAUEHRegistrationNode@@PAU_CONTEXT@@PBU_s_FuncInfo@@PAXHK@Z 10018f80     libvcruntime:frame.obj
 0002:00005fa8       __catchsym$?CallUnexpected@@YAXPBU_s_ESTypeList@@@Z$2 10018fa8     libvcruntime:frame.obj
 0002:00005fb8       __unwindtable$?CallUnexpected@@YAXPBU_s_ESTypeList@@@Z 10018fb8     libvcruntime:frame.obj
 0002:00005fc8       __tryblocktable$?CallUnexpected@@YAXPBU_s_ESTypeList@@@Z 10018fc8     libvcruntime:frame.obj
 0002:00005fdc       __ehfuncinfo$?CallUnexpected@@YAXPBU_s_ESTypeList@@@Z 10018fdc     libvcruntime:frame.obj
 0002:00006000       __sehtable$??$BuildCatchObjectHelperInternal@$$CBU_s_HandlerType@@@@YAHPAUEHExceptionRecord@@PAXPBU_s_HandlerType@@PBU_s_CatchableType@@@Z 10019000     libvcruntime:frame.obj
 0002:00006020       __sehtable$??$BuildCatchObjectInternal@$$CBU_s_HandlerType@@@@YAXPAUEHExceptionRecord@@PAXPBU_s_HandlerType@@PBU_s_CatchableType@@@Z 10019020     libvcruntime:frame.obj
 0002:00006078       __sehtable$___DestructExceptionObject 10019078     libvcruntime:ehhelpers.obj
 0002:00006098       __sehtable$??$?RV<lambda_80d7abc6eae2375db70be92ccaaf9b57>@@AAV<lambda_df52180bf14694d51fdefd82613e8f07>@@V<lambda_4fa1155033dff2042363dba4e2dc3802>@@@?$__crt_seh_guarded_call@H@@QAEH$$QAV<lambda_80d7abc6eae2375db70be92ccaaf9b57>@@AAV<lambda_df52180bf14694d51fdefd82613e8f07>@@$$QAV<lambda_4fa1155033dff2042363dba4e2dc3802>@@@Z 10019098     libucrt:output.obj
 0002:000060b8       __sehtable$__query_new_handler 100190b8     libucrt:new_handler.obj
 0002:000060d8       __sehtable$??R<lambda_6e4b09c48022b2350581041d5f6b0c4c>@@QBE@XZ 100190d8     libucrt:exit.obj
 0002:000060f8       __sehtable$??$?RV<lambda_03b1d95aef87969028cfba75ccab2455>@@AAV<lambda_6e4b09c48022b2350581041d5f6b0c4c>@@V<lambda_22bdf7517842c4b3e53723af5aa32b9e>@@@?$__crt_seh_guarded_call@X@@QAEX$$QAV<lambda_03b1d95aef87969028cfba75ccab2455>@@AAV<lambda_6e4b09c48022b2350581041d5f6b0c4c>@@$$QAV<lambda_22bdf7517842c4b3e53723af5aa32b9e>@@@Z 100190f8     libucrt:exit.obj
 0002:00006118       __sehtable$??$?RV<lambda_69a2805e680e0e292e8ba93315fe43a8>@@AAV<lambda_f03950bc5685219e0bcd2087efbe011e>@@V<lambda_03fcd07e894ec930e3f35da366ca99d6>@@@?$__crt_seh_guarded_call@H@@QAEH$$QAV<lambda_69a2805e680e0e292e8ba93315fe43a8>@@AAV<lambda_f03950bc5685219e0bcd2087efbe011e>@@$$QAV<lambda_03fcd07e894ec930e3f35da366ca99d6>@@@Z 10019118     libucrt:onexit.obj
 0002:00006138       __sehtable$_terminate      10019138     libucrt:terminate.obj
 0002:00006158       __sehtable$__fcloseall     10019158     libucrt:closeall.obj
 0002:00006178       __sehtable$??$?RV<lambda_2866be3712abc81a800a822484c830d8>@@AAV<lambda_39ca0ed439415581b5b15c265174cece>@@V<lambda_2b24c74d71094a6cd0cb82e44167d71b>@@@?$__crt_seh_guarded_call@X@@QAEX$$QAV<lambda_2866be3712abc81a800a822484c830d8>@@AAV<lambda_39ca0ed439415581b5b15c265174cece>@@$$QAV<lambda_2b24c74d71094a6cd0cb82e44167d71b>@@@Z 10019178     libucrt:fflush.obj
 0002:00006198       __sehtable$??$?RV<lambda_2cc53f568c5a2bb6f192f930a45d44ea>@@AAV<lambda_ab61a845afdef5b7c387490eaf3616ee>@@V<lambda_c2ffc0b7726aa6be21d5f0026187e748>@@@?$__crt_seh_guarded_call@X@@QAEX$$QAV<lambda_2cc53f568c5a2bb6f192f930a45d44ea>@@AAV<lambda_ab61a845afdef5b7c387490eaf3616ee>@@$$QAV<lambda_c2ffc0b7726aa6be21d5f0026187e748>@@@Z 10019198     libucrt:fflush.obj
 0002:000061b8       __sehtable$___acrt_initialize_lowio 100191b8     libucrt:ioinit.obj
 0002:000061d8       __sehtable$??$?RV<lambda_15ade71b0218206bbe3333a0c9b79046>@@AAV<lambda_da44e0f8b0f19ba52fefafb335991732>@@V<lambda_207f2d024fc103971653565357d6cd41>@@@?$__crt_seh_guarded_call@X@@QAEX$$QAV<lambda_15ade71b0218206bbe3333a0c9b79046>@@AAV<lambda_da44e0f8b0f19ba52fefafb335991732>@@$$QAV<lambda_207f2d024fc103971653565357d6cd41>@@@Z 100191d8     libucrt:per_thread_data.obj
 0002:000061f8       __sehtable$??$?RV<lambda_a7e850c220f1c8d1e6efeecdedd162c6>@@AAV<lambda_46720907175c18b6c9d2717bc0d2d362>@@V<lambda_9048902d66e8d99359bc9897bbb930a8>@@@?$__crt_seh_guarded_call@X@@QAEX$$QAV<lambda_a7e850c220f1c8d1e6efeecdedd162c6>@@AAV<lambda_46720907175c18b6c9d2717bc0d2d362>@@$$QAV<lambda_9048902d66e8d99359bc9897bbb930a8>@@@Z 100191f8     libucrt:per_thread_data.obj
 0002:00006218       __sehtable$??$?RV<lambda_38edbb1296d33220d7e4dd0ed76b244a>@@AAV<lambda_5ce1d447e08cb34b2473517608e21441>@@V<lambda_fb385d3da700c9147fc39e65dd577a8c>@@@?$__crt_seh_guarded_call@X@@QAEX$$QAV<lambda_38edbb1296d33220d7e4dd0ed76b244a>@@AAV<lambda_5ce1d447e08cb34b2473517608e21441>@@$$QAV<lambda_fb385d3da700c9147fc39e65dd577a8c>@@@Z 10019218     libucrt:per_thread_data.obj
 0002:00006238       __sehtable$??$?RV<lambda_6affb1475c98b40b75cdec977db92e3c>@@AAV<lambda_b8d4b9c228a6ecc3f80208dbb4b4a104>@@V<lambda_608742c3c92a14382c1684fc64f96c88>@@@?$__crt_seh_guarded_call@X@@QAEX$$QAV<lambda_6affb1475c98b40b75cdec977db92e3c>@@AAV<lambda_b8d4b9c228a6ecc3f80208dbb4b4a104>@@$$QAV<lambda_608742c3c92a14382c1684fc64f96c88>@@@Z 10019238     libucrt:per_thread_data.obj
 0002:00006258       __sehtable$??$?RV<lambda_e5124f882df8998aaf41531e079ba474>@@AAV<lambda_3e16ef9562a7dcce91392c22ab16ea36>@@V<lambda_e25ca0880e6ef98be67edffd8c599615>@@@?$__crt_seh_guarded_call@X@@QAEX$$QAV<lambda_e5124f882df8998aaf41531e079ba474>@@AAV<lambda_3e16ef9562a7dcce91392c22ab16ea36>@@$$QAV<lambda_e25ca0880e6ef98be67edffd8c599615>@@@Z 10019258     libucrt:wsetlocale.obj
 0002:00006278       __sehtable$?update_thread_multibyte_data_internal@@YAPAU__crt_multibyte_data@@QAU__acrt_ptd@@QAPAU1@@Z 10019278     libucrt:mbctype.obj
 0002:00006298       __sehtable$??$?RV<lambda_ceb1ee4838e85a9d631eb091e2fbe199>@@AAV<lambda_ae742caa10f662c28703da3d2ea5e57e>@@V<lambda_cd08b5d6af4937fe54fc07d0c9bf6b37>@@@?$__crt_seh_guarded_call@X@@QAEX$$QAV<lambda_ceb1ee4838e85a9d631eb091e2fbe199>@@AAV<lambda_ae742caa10f662c28703da3d2ea5e57e>@@$$QAV<lambda_cd08b5d6af4937fe54fc07d0c9bf6b37>@@@Z 10019298     libucrt:mbctype.obj
 0002:000062b8       __sehtable$_raise          100192b8     libucrt:signal.obj
 0002:000062d8       __sehtable$??$?RV<lambda_cbab9ec6f41b0180b23cc171c22676b0>@@AAV<lambda_44731a7d0e6d81c3e6aa82d741081786>@@V<lambda_4b292cb8dd18144e164572427af410ab>@@@?$__crt_seh_guarded_call@P6AXH@Z@@QAEP6AXH@Z$$QAV<lambda_cbab9ec6f41b0180b23cc171c22676b0>@@AAV<lambda_44731a7d0e6d81c3e6aa82d741081786>@@$$QAV<lambda_4b292cb8dd18144e164572427af410ab>@@@Z 100192d8     libucrt:signal.obj
 0002:000062f8       __sehtable$_fclose         100192f8     libucrt:fclose.obj
 0002:00006318       __sehtable$??$?RV<lambda_9e9de3de5fa147e2223d7db92bc10aa6>@@AAV<lambda_38ce7e780aa69e748d6df282ebc68efe>@@V<lambda_8ca6da459f0f6780f1cff60fdc3d00e5>@@@?$__crt_seh_guarded_call@H@@QAEH$$QAV<lambda_9e9de3de5fa147e2223d7db92bc10aa6>@@AAV<lambda_38ce7e780aa69e748d6df282ebc68efe>@@$$QAV<lambda_8ca6da459f0f6780f1cff60fdc3d00e5>@@@Z 10019318     libucrt:commit.obj
 0002:00006338       __sehtable$__write         10019338     libucrt:write.obj
 0002:00006358       __sehtable$___acrt_lowio_ensure_fh_exists 10019358     libucrt:osfinfo.obj
 0002:00006378       __sehtable$___acrt_update_thread_locale_data 10019378     libucrt:locale_refcounting.obj
 0002:00006398       __sehtable$??$?RV<lambda_218ce3db14220d0be481dae8ef3383b6>@@AAV<lambda_628dfdc04ba53c8bfc02c9951375f3f5>@@V<lambda_57dc472bd5c9d5f3b2cbca59b8a843ae>@@@?$__crt_seh_guarded_call@H@@QAEH$$QAV<lambda_218ce3db14220d0be481dae8ef3383b6>@@AAV<lambda_628dfdc04ba53c8bfc02c9951375f3f5>@@$$QAV<lambda_57dc472bd5c9d5f3b2cbca59b8a843ae>@@@Z 10019398     libucrt:close.obj
 0002:000063b8       __sehtable$??$common_lseek@_J@@YA_JH_JH@Z 100193b8     libucrt:lseek.obj
 0002:000063d4       __unwindtable$?_wcstombs_l_helper@@YAIPADPB_WIPAU__crt_locale_pointers@@@Z 100193d4     libucrt:wcstombs.obj
 0002:000063dc       __ehfuncinfo$?_wcstombs_l_helper@@YAIPADPB_WIPAU__crt_locale_pointers@@@Z 100193dc     libucrt:wcstombs.obj
 0002:00006400       __sehtable$__IsNonwritableInCurrentImage 10019400     LIBCMT:pesect.obj
 0002:00006420       .edata                     10019420     nxmi.exp
 0002:00006448       rgpv                       10019448     nxmi.exp
 0002:0000644c       rgszName                   1001944c     nxmi.exp
 0002:00006450       rgwOrd                     10019450     nxmi.exp
 0002:00006452       szName                     10019452     nxmi.exp
 0002:0000645c       $N00001                    1001945c     nxmi.exp
 0002:00006630       .idata$6                   10019630     kernel32:KERNEL32.dll
 0002:000069c0       .idata$6                   100199c0     iojs:node.dll
 0003:00000020       ?__vcrt_flsindex@@3KA      1001a020     libvcruntime:per_thread_data.obj
 0003:000000f4       ?errno_no_memory@@3HA      1001a0f4     libucrt:errno.obj
 0003:000000f8       ?doserrno_no_memory@@3KA   1001a0f8     libucrt:errno.obj
 0003:00000130       ?__acrt_flsindex@@3KA      1001a130     libucrt:per_thread_data.obj
 0003:00000420       __mbctypes                 1001a420     libucrt:mbctype.obj
 0003:00000528       __mbcasemaps               1001a528     libucrt:mbctype.obj
 0003:00000628       ?__rgctypeflag@@3PADA      1001a628     libucrt:mbctype.obj
 0003:00000630       ?__rgcode_page_info@@3PAUcode_page_info@@A 1001a630     libucrt:mbctype.obj
 0003:00000780       ?__dcrt_lowio_console_output_handle@@3PAXA 1001a780     libucrt:initcon.obj
 0003:000007a0       __module                   1001a7a0     nxmi.obj
 0003:000008c0       ?__proc_attached@@3HA      1001a8c0     LIBCMT:dll_dllmain.obj
 0003:000008c8       _GS_ExceptionRecord        1001a8c8     LIBCMT:gs_report.obj
 0003:00000918       _GS_ContextRecord          1001a918     LIBCMT:gs_report.obj
 0003:00000c00       ?is_initialized_as_dll@@3_NA 1001ac00     LIBCMT:utility.obj
 0003:00000c01       ?module_local_atexit_table_initialized@@3_NA 1001ac01     LIBCMT:utility.obj
 0003:00000c04       ?module_local_atexit_table@@3U_onexit_table_t@@A 1001ac04     LIBCMT:utility.obj
 0003:00000c10       ?module_local_at_quick_exit_table@@3U_onexit_table_t@@A 1001ac10     LIBCMT:utility.obj
 0003:00000c50       ?heap@@3V_HeapManager@@A   1001ac50     libvcruntime:undname.obj
 0003:00000c64       ?__vcrt_startup_thread_ptd@@3U__vcrt_ptd@@A 1001ac64     libvcruntime:per_thread_data.obj
 0003:00000c8c       ___vcrt_lock_table         1001ac8c     libvcruntime:locks.obj
 0003:00000ca4       ___vcrt_locks_initialized  1001aca4     libvcruntime:locks.obj
 0003:00000ca8       ?module_handles@@3PAPAUHINSTANCE__@@A 1001aca8     libvcruntime:winapi_downlevel.obj
 0003:00000cb4       ?encoded_function_pointers@@3PAPAXA 1001acb4     libvcruntime:winapi_downlevel.obj
 0003:00000cdc       ?__acrt_invalid_parameter_handler@@3V?$dual_state_global@P6AXPB_W00II@Z@__crt_state_management@@A 1001acdc     libucrt:invalid_parameter.obj
 0003:00000ce0       ?__acrt_new_handler@@3V?$dual_state_global@P6AHI@Z@__crt_state_management@@A 1001ace0     libucrt:new_handler.obj
 0003:00000ce4       ?c_termination_complete@@3JA 1001ace4     libucrt:exit.obj
 0003:00000ce8       ?thread_local_exit_callback_func@@3P6GXPAXK0@ZA 1001ace8     libucrt:exit.obj
 0003:00000cf0       ?program_name@?1???$common_configure_argv@D@@YAHW4_crt_argv_mode@@@Z@4PADA 1001acf0     libucrt:argv_parsing.obj
 0003:00000e20       ?module_handles@@3PAPAUHINSTANCE__@@A 1001ae20     libucrt:winapi_thunks.obj
 0003:00000e70       ?encoded_function_pointers@@3PAPAXA 1001ae70     libucrt:winapi_thunks.obj
 0003:000010fc       ?internal_state@?1??_mbtowc_l@@9@4U_Mbstatet@@A 1001b0fc     libucrt:mbtowc.obj
 0003:00001104       ?enable_percent_n@@3IA     1001b104     libucrt:printf_count_output.obj
 0003:00001118       ?__acrt_lock_table@@3PAU_RTL_CRITICAL_SECTION@@A 1001b118     libucrt:locks.obj
 0003:00001268       ?__acrt_locks_initialized@@3IA 1001b268     libucrt:locks.obj
 0003:00001278       ?fSystemSet@@3HA           1001b278     libucrt:mbctype.obj
 0003:0000127c       ?initialized@?1??__acrt_initialize_multibyte@@9@4_NA 1001b27c     libucrt:mbctype.obj
 0003:0000129c       ?ctrlc_action@@3V?$dual_state_global@P6AXH@Z@__crt_state_management@@A 1001b29c     libucrt:signal.obj
 0003:000012a0       ?ctrlbreak_action@@3V?$dual_state_global@P6AXH@Z@__crt_state_management@@A 1001b2a0     libucrt:signal.obj
 0003:000012a4       ?abort_action@@3V?$dual_state_global@P6AXH@Z@__crt_state_management@@A 1001b2a4     libucrt:signal.obj
 0003:000012a8       ?term_action@@3V?$dual_state_global@P6AXH@Z@__crt_state_management@@A 1001b2a8     libucrt:signal.obj
 0003:000012ac       ?user_matherr@@3V?$dual_state_global@P6AHPAU_exception@@@Z@__crt_state_management@@A 1001b2ac     libucrt:matherr.obj
 0003:000012b0       ?__acrt_global_new_mode@@3V?$dual_state_global@J@__crt_state_management@@A 1001b2b0     libucrt:new_mode.obj
 0003:000012bc       ?__acrt_app_type@@3W4_crt_app_type@@A 1001b2bc     libucrt:report_runtime_error.obj
 0003:000012c0       ?internal_pst@?1??__mbrtoc32_utf8@__crt_mbstring@@YAIPA_UPBDIPAU_Mbstatet@@@Z@4U3@A 1001b2c0     libucrt:mbrtoc32.obj
 0003:000012cc       __pmatherr_set             1001b2cc     libucrt:libm_error.obj
 0003:000012d0       ?internal_pst@?1??__c16rtomb_utf8@__crt_mbstring@@YAIPAD_SPAU_Mbstatet@@@Z@4U3@A 1001b2d0     libucrt:c16rtomb.obj
 0004:00000060       $R000000                   1001c060     * linker generated manifest res *

 Exports

  ordinal    name

        1    __register_nxmi_
               exported name: _register_nxmi_
